<?xml version="1.0" encoding="UTF-8"?>
<OmniDataTransform xmlns="http://soap.sforce.com/2006/04/metadata">
    <active>false</active>
    <assignmentRulesUsed>false</assignmentRulesUsed>
    <deletedOnSuccess>false</deletedOnSuccess>
    <errorIgnored>false</errorIgnored>
    <expectedInputJson>{
  &quot;ContextId&quot; : &quot;&quot;,
  &quot;timeStamp&quot; : &quot;2019-09-25T21:43:24.791Z&quot;,
  &quot;userId&quot; : &quot;0054P00000AnTiqQAF&quot;,
  &quot;userName&quot; : &quot;tsears@vido.demo&quot;,
  &quot;userProfile&quot; : &quot;System Administrator&quot;,
  &quot;userTimeZone&quot; : -420,
  &quot;userCurrencyCode&quot; : &quot;USD&quot;,
  &quot;sfdcIFrameOrigin&quot; : &quot;https://vido--vlocity-ins.visualforce.com&quot;,
  &quot;sfdcIFrameHost&quot; : &quot;web&quot;,
  &quot;layout&quot; : &quot;lightning&quot;,
  &quot;isdtp&quot; : &quot;p1&quot;,
  &quot;id&quot; : &quot;a3F4P000002DXvQUAW&quot;,
  &quot;vlcPersistentComponent&quot; : { },
  &quot;vlcTimeTracking&quot; : { },
  &quot;newAccount2&quot; : {
    &quot;AccountSearch-Block&quot; : {
      &quot;AccountSearch&quot; : &quot;Test&quot;,
      &quot;Id&quot; : null
    },
    &quot;AddAccount&quot; : true,
    &quot;ContactId&quot; : null,
    &quot;AddContact&quot; : null,
    &quot;newAccountName2&quot; : null,
    &quot;newWebSite2&quot; : null,
    &quot;newAddress2-Block&quot; : {
      &quot;newAddress2&quot; : null,
      &quot;newStreet2&quot; : null,
      &quot;newCity2&quot; : null,
      &quot;newState2&quot; : null,
      &quot;newPostalCode2&quot; : null,
      &quot;newCountry2&quot; : null
    },
    &quot;AddContactBlock&quot; : {
      &quot;authFirstName2&quot; : &quot;Sally&quot;,
      &quot;authLastName2&quot; : &quot;Smith&quot;,
      &quot;authEmail2&quot; : &quot;sally@salyy.com&quot;,
      &quot;authMobilePhone2&quot; : &quot;6540556522&quot;
    }
  },
  &quot;AccountSearch-Block&quot; : {
    &quot;Name&quot; : &quot;Alan&apos;s Awnings&quot;
  }
}</expectedInputJson>
    <fieldLevelSecurityEnabled>false</fieldLevelSecurityEnabled>
    <inputType>JSON</inputType>
    <name>createBusinessAccountContacts</name>
    <nullInputsIncludedInOutput>false</nullInputsIncludedInOutput>
    <omniDataTransformItem>
        <disabled>false</disabled>
        <filterGroup>0.0</filterGroup>
        <formulaSequence>0.0</formulaSequence>
        <globalKey>9d6d86a0-2f94-49e2-99b6-94d2bdd5ced9</globalKey>
        <inputFieldName>Phone</inputFieldName>
        <inputObjectName>json</inputObjectName>
        <inputObjectQuerySequence>0.0</inputObjectQuerySequence>
        <linkedObjectSequence>0.0</linkedObjectSequence>
        <name>createBusinessAccountContacts</name>
        <outputCreationSequence>1.0</outputCreationSequence>
        <outputFieldName>Phone</outputFieldName>
        <outputObjectName>Account</outputObjectName>
        <requiredForUpsert>false</requiredForUpsert>
        <upsertKey>false</upsertKey>
    </omniDataTransformItem>
    <omniDataTransformItem>
        <defaultValue>Yes</defaultValue>
        <disabled>false</disabled>
        <filterGroup>0.0</filterGroup>
        <globalKey>247d7d6b-8df9-4d63-9210-7cd834fe7eb9</globalKey>
        <inputObjectQuerySequence>0.0</inputObjectQuerySequence>
        <linkedObjectSequence>0.0</linkedObjectSequence>
        <name>createBusinessAccountContacts</name>
        <outputCreationSequence>1.0</outputCreationSequence>
        <outputFieldName>omnistudio__Active__c</outputFieldName>
        <outputObjectName>Account</outputObjectName>
        <requiredForUpsert>false</requiredForUpsert>
        <upsertKey>false</upsertKey>
    </omniDataTransformItem>
    <omniDataTransformItem>
        <disabled>false</disabled>
        <filterGroup>0.0</filterGroup>
        <globalKey>8e775923-dd2b-45f8-a030-b14446305049</globalKey>
        <inputFieldName>SICDesc</inputFieldName>
        <inputObjectQuerySequence>0.0</inputObjectQuerySequence>
        <linkedObjectSequence>0.0</linkedObjectSequence>
        <name>createBusinessAccountContacts</name>
        <outputCreationSequence>1.0</outputCreationSequence>
        <outputFieldName>SicDesc</outputFieldName>
        <outputObjectName>Account</outputObjectName>
        <requiredForUpsert>false</requiredForUpsert>
        <upsertKey>false</upsertKey>
    </omniDataTransformItem>
    <omniDataTransformItem>
        <disabled>false</disabled>
        <filterGroup>0.0</filterGroup>
        <globalKey>47773225-d854-454d-8496-26d327e1de7d</globalKey>
        <inputFieldName>LastName</inputFieldName>
        <inputObjectQuerySequence>0.0</inputObjectQuerySequence>
        <linkedObjectSequence>0.0</linkedObjectSequence>
        <name>createBusinessAccountContacts</name>
        <outputCreationSequence>2.0</outputCreationSequence>
        <outputFieldName>LastName</outputFieldName>
        <outputObjectName>Contact</outputObjectName>
        <requiredForUpsert>false</requiredForUpsert>
        <upsertKey>false</upsertKey>
    </omniDataTransformItem>
    <omniDataTransformItem>
        <disabled>false</disabled>
        <filterGroup>0.0</filterGroup>
        <formulaSequence>0.0</formulaSequence>
        <globalKey>3e87ce1c-0d74-4bc3-8f51-a448b6338f41</globalKey>
        <inputFieldName>TaxId</inputFieldName>
        <inputObjectName>json</inputObjectName>
        <inputObjectQuerySequence>0.0</inputObjectQuerySequence>
        <linkedObjectSequence>0.0</linkedObjectSequence>
        <name>createBusinessAccountContacts</name>
        <outputCreationSequence>1.0</outputCreationSequence>
        <outputFieldName>omnistudio__TaxID__c</outputFieldName>
        <outputObjectName>Account</outputObjectName>
        <requiredForUpsert>false</requiredForUpsert>
        <upsertKey>false</upsertKey>
    </omniDataTransformItem>
    <omniDataTransformItem>
        <disabled>false</disabled>
        <filterGroup>0.0</filterGroup>
        <globalKey>2e0f985f-8ef8-40ed-a323-c434d751d911</globalKey>
        <inputFieldName>MobilePhone</inputFieldName>
        <inputObjectQuerySequence>0.0</inputObjectQuerySequence>
        <linkedObjectSequence>0.0</linkedObjectSequence>
        <name>createBusinessAccountContacts</name>
        <outputCreationSequence>2.0</outputCreationSequence>
        <outputFieldName>MobilePhone</outputFieldName>
        <outputObjectName>Contact</outputObjectName>
        <requiredForUpsert>false</requiredForUpsert>
        <upsertKey>false</upsertKey>
    </omniDataTransformItem>
    <omniDataTransformItem>
        <disabled>false</disabled>
        <filterGroup>0.0</filterGroup>
        <globalKey>25f2e245-e15b-4848-8976-3fba42b71ccd</globalKey>
        <inputFieldName>FirstName</inputFieldName>
        <inputObjectQuerySequence>0.0</inputObjectQuerySequence>
        <linkedObjectSequence>0.0</linkedObjectSequence>
        <name>createBusinessAccountContacts</name>
        <outputCreationSequence>2.0</outputCreationSequence>
        <outputFieldName>FirstName</outputFieldName>
        <outputObjectName>Contact</outputObjectName>
        <requiredForUpsert>false</requiredForUpsert>
        <upsertKey>false</upsertKey>
    </omniDataTransformItem>
    <omniDataTransformItem>
        <disabled>false</disabled>
        <filterGroup>0.0</filterGroup>
        <globalKey>f8b6e45a-d4ad-4139-8b97-3286210a90d3</globalKey>
        <inputFieldName>Contact</inputFieldName>
        <inputObjectQuerySequence>0.0</inputObjectQuerySequence>
        <linkedObjectSequence>0.0</linkedObjectSequence>
        <name>createBusinessAccountContacts</name>
        <outputCreationSequence>2.0</outputCreationSequence>
        <outputFieldName>Id</outputFieldName>
        <outputObjectName>Contact</outputObjectName>
        <requiredForUpsert>false</requiredForUpsert>
        <upsertKey>true</upsertKey>
    </omniDataTransformItem>
    <omniDataTransformItem>
        <disabled>false</disabled>
        <filterGroup>0.0</filterGroup>
        <formulaSequence>0.0</formulaSequence>
        <globalKey>03771b57-0570-4176-a0ad-9a14d3d524ee</globalKey>
        <inputFieldName>Website</inputFieldName>
        <inputObjectName>json</inputObjectName>
        <inputObjectQuerySequence>0.0</inputObjectQuerySequence>
        <linkedObjectSequence>0.0</linkedObjectSequence>
        <name>createBusinessAccountContacts</name>
        <outputCreationSequence>1.0</outputCreationSequence>
        <outputFieldName>Website</outputFieldName>
        <outputObjectName>Account</outputObjectName>
        <requiredForUpsert>false</requiredForUpsert>
        <upsertKey>false</upsertKey>
    </omniDataTransformItem>
    <omniDataTransformItem>
        <disabled>false</disabled>
        <filterGroup>0.0</filterGroup>
        <globalKey>490cab22-75ae-44cf-af48-835895c53c6f</globalKey>
        <inputFieldName>AccountId</inputFieldName>
        <inputObjectQuerySequence>0.0</inputObjectQuerySequence>
        <linkedObjectSequence>0.0</linkedObjectSequence>
        <name>createBusinessAccountContacts</name>
        <outputCreationSequence>1.0</outputCreationSequence>
        <outputFieldName>Id</outputFieldName>
        <outputObjectName>Account</outputObjectName>
        <requiredForUpsert>false</requiredForUpsert>
        <upsertKey>false</upsertKey>
    </omniDataTransformItem>
    <omniDataTransformItem>
        <disabled>false</disabled>
        <filterGroup>0.0</filterGroup>
        <globalKey>7966926b-b1f9-4593-aa58-78ee62120485</globalKey>
        <inputFieldName>recordType:recTypeId</inputFieldName>
        <inputObjectQuerySequence>0.0</inputObjectQuerySequence>
        <linkedObjectSequence>0.0</linkedObjectSequence>
        <name>createBusinessAccountContacts</name>
        <outputCreationSequence>1.0</outputCreationSequence>
        <outputFieldName>RecordTypeId</outputFieldName>
        <outputObjectName>Account</outputObjectName>
        <requiredForUpsert>false</requiredForUpsert>
        <upsertKey>false</upsertKey>
    </omniDataTransformItem>
    <omniDataTransformItem>
        <disabled>false</disabled>
        <filterGroup>0.0</filterGroup>
        <formulaSequence>0.0</formulaSequence>
        <globalKey>9e4b193e-fc4d-4155-81b4-6d9016fb7eba</globalKey>
        <inputFieldName>AccountName</inputFieldName>
        <inputObjectName>json</inputObjectName>
        <inputObjectQuerySequence>0.0</inputObjectQuerySequence>
        <linkedObjectSequence>0.0</linkedObjectSequence>
        <name>createBusinessAccountContacts</name>
        <outputCreationSequence>1.0</outputCreationSequence>
        <outputFieldName>Name</outputFieldName>
        <outputObjectName>Account</outputObjectName>
        <requiredForUpsert>false</requiredForUpsert>
        <upsertKey>true</upsertKey>
    </omniDataTransformItem>
    <omniDataTransformItem>
        <disabled>true</disabled>
        <filterGroup>0.0</filterGroup>
        <filterOperator>=</filterOperator>
        <globalKey>a84281e0-0a04-426b-a2b8-17b2339ae140</globalKey>
        <inputObjectQuerySequence>0.0</inputObjectQuerySequence>
        <linkedObjectSequence>0.0</linkedObjectSequence>
        <migrationValue>FAKEMAPPING</migrationValue>
        <name>createBusinessAccountContacts</name>
        <outputCreationSequence>2.0</outputCreationSequence>
        <outputFieldName>Id</outputFieldName>
        <outputObjectName>Contact</outputObjectName>
        <requiredForUpsert>false</requiredForUpsert>
        <upsertKey>false</upsertKey>
    </omniDataTransformItem>
    <omniDataTransformItem>
        <disabled>false</disabled>
        <filterGroup>0.0</filterGroup>
        <formulaSequence>0.0</formulaSequence>
        <globalKey>c3b72607-110e-4de3-9cdb-d1896216400d</globalKey>
        <inputFieldName>BillingCity</inputFieldName>
        <inputObjectName>json</inputObjectName>
        <inputObjectQuerySequence>0.0</inputObjectQuerySequence>
        <linkedObjectSequence>0.0</linkedObjectSequence>
        <name>createBusinessAccountContacts</name>
        <outputCreationSequence>1.0</outputCreationSequence>
        <outputFieldName>BillingCity</outputFieldName>
        <outputObjectName>Account</outputObjectName>
        <requiredForUpsert>false</requiredForUpsert>
        <upsertKey>false</upsertKey>
    </omniDataTransformItem>
    <omniDataTransformItem>
        <disabled>false</disabled>
        <filterGroup>0.0</filterGroup>
        <formulaSequence>0.0</formulaSequence>
        <globalKey>f69e7ca3-0510-4dcc-a9c4-0cf28249cc96</globalKey>
        <inputFieldName>BillingCountry</inputFieldName>
        <inputObjectName>json</inputObjectName>
        <inputObjectQuerySequence>0.0</inputObjectQuerySequence>
        <linkedObjectSequence>0.0</linkedObjectSequence>
        <name>createBusinessAccountContacts</name>
        <outputCreationSequence>1.0</outputCreationSequence>
        <outputFieldName>BillingCountry</outputFieldName>
        <outputObjectName>Account</outputObjectName>
        <requiredForUpsert>false</requiredForUpsert>
        <upsertKey>false</upsertKey>
    </omniDataTransformItem>
    <omniDataTransformItem>
        <defaultValue>Customer</defaultValue>
        <disabled>false</disabled>
        <filterGroup>0.0</filterGroup>
        <formulaSequence>0.0</formulaSequence>
        <globalKey>3007c8e9-cf9e-4aad-9be5-f1c7000e073b</globalKey>
        <inputObjectName>json</inputObjectName>
        <inputObjectQuerySequence>0.0</inputObjectQuerySequence>
        <linkedObjectSequence>0.0</linkedObjectSequence>
        <name>createBusinessAccountContacts</name>
        <outputCreationSequence>1.0</outputCreationSequence>
        <outputFieldName>Type</outputFieldName>
        <outputObjectName>Account</outputObjectName>
        <requiredForUpsert>false</requiredForUpsert>
        <upsertKey>false</upsertKey>
    </omniDataTransformItem>
    <omniDataTransformItem>
        <disabled>false</disabled>
        <filterGroup>0.0</filterGroup>
        <filterOperator>=</filterOperator>
        <globalKey>bb0f5bf5-3acb-4aae-9466-cd2365755e41</globalKey>
        <inputObjectQuerySequence>0.0</inputObjectQuerySequence>
        <linkedFieldName>Id</linkedFieldName>
        <linkedObjectSequence>1.0</linkedObjectSequence>
        <migrationValue>FAKEMAPPING</migrationValue>
        <name>createBusinessAccountContacts</name>
        <outputCreationSequence>2.0</outputCreationSequence>
        <outputFieldName>AccountId</outputFieldName>
        <outputObjectName>Contact</outputObjectName>
        <requiredForUpsert>false</requiredForUpsert>
        <upsertKey>false</upsertKey>
    </omniDataTransformItem>
    <omniDataTransformItem>
        <disabled>false</disabled>
        <filterGroup>0.0</filterGroup>
        <globalKey>93fff896-e778-4a48-b291-9b47d3194940</globalKey>
        <inputFieldName>Email</inputFieldName>
        <inputObjectQuerySequence>0.0</inputObjectQuerySequence>
        <linkedObjectSequence>0.0</linkedObjectSequence>
        <name>createBusinessAccountContacts</name>
        <outputCreationSequence>2.0</outputCreationSequence>
        <outputFieldName>Email</outputFieldName>
        <outputObjectName>Contact</outputObjectName>
        <requiredForUpsert>false</requiredForUpsert>
        <upsertKey>true</upsertKey>
    </omniDataTransformItem>
    <omniDataTransformItem>
        <disabled>false</disabled>
        <filterGroup>0.0</filterGroup>
        <globalKey>b4b40b7f-c0d1-4b69-a164-1eec0862bc82</globalKey>
        <inputFieldName>SIC</inputFieldName>
        <inputObjectQuerySequence>0.0</inputObjectQuerySequence>
        <linkedObjectSequence>0.0</linkedObjectSequence>
        <name>createBusinessAccountContacts</name>
        <outputCreationSequence>1.0</outputCreationSequence>
        <outputFieldName>Sic</outputFieldName>
        <outputObjectName>Account</outputObjectName>
        <requiredForUpsert>false</requiredForUpsert>
        <upsertKey>false</upsertKey>
    </omniDataTransformItem>
    <omniDataTransformItem>
        <disabled>false</disabled>
        <filterGroup>0.0</filterGroup>
        <formulaSequence>0.0</formulaSequence>
        <globalKey>9e5c3dd2-992a-4b87-a27d-12c8445ddee6</globalKey>
        <inputFieldName>BillingPostalCode</inputFieldName>
        <inputObjectName>json</inputObjectName>
        <inputObjectQuerySequence>0.0</inputObjectQuerySequence>
        <linkedObjectSequence>0.0</linkedObjectSequence>
        <name>createBusinessAccountContacts</name>
        <outputCreationSequence>1.0</outputCreationSequence>
        <outputFieldName>BillingPostalCode</outputFieldName>
        <outputObjectName>Account</outputObjectName>
        <requiredForUpsert>false</requiredForUpsert>
        <upsertKey>false</upsertKey>
    </omniDataTransformItem>
    <omniDataTransformItem>
        <disabled>false</disabled>
        <filterGroup>0.0</filterGroup>
        <formulaSequence>0.0</formulaSequence>
        <globalKey>ce577f10-3d32-4e74-9fd2-55e9d8deb7b2</globalKey>
        <inputFieldName>BillingState</inputFieldName>
        <inputObjectName>json</inputObjectName>
        <inputObjectQuerySequence>0.0</inputObjectQuerySequence>
        <linkedObjectSequence>0.0</linkedObjectSequence>
        <name>createBusinessAccountContacts</name>
        <outputCreationSequence>1.0</outputCreationSequence>
        <outputFieldName>BillingState</outputFieldName>
        <outputObjectName>Account</outputObjectName>
        <requiredForUpsert>false</requiredForUpsert>
        <upsertKey>false</upsertKey>
    </omniDataTransformItem>
    <omniDataTransformItem>
        <disabled>false</disabled>
        <filterGroup>0.0</filterGroup>
        <formulaSequence>0.0</formulaSequence>
        <globalKey>afbeedca-d841-4ee7-b5fa-ff63360275e2</globalKey>
        <inputFieldName>BillingStreet</inputFieldName>
        <inputObjectName>json</inputObjectName>
        <inputObjectQuerySequence>0.0</inputObjectQuerySequence>
        <linkedObjectSequence>0.0</linkedObjectSequence>
        <name>createBusinessAccountContacts</name>
        <outputCreationSequence>1.0</outputCreationSequence>
        <outputFieldName>BillingStreet</outputFieldName>
        <outputObjectName>Account</outputObjectName>
        <requiredForUpsert>false</requiredForUpsert>
        <upsertKey>false</upsertKey>
    </omniDataTransformItem>
    <outputType>SObject</outputType>
    <previewJsonData>{
  &quot;ContextId&quot; : &quot;00Q5Y00001wJhzJUAS&quot;,
  &quot;timeStamp&quot; : &quot;2021-05-07T01:45:04.236Z&quot;,
  &quot;userProfile&quot; : &quot;*FINS - Internal - Admin&quot;,
  &quot;userTimeZone&quot; : &quot;-420&quot;,
  &quot;userCurrencyCode&quot; : &quot;USD&quot;,
  &quot;userName&quot; : &quot;todd.sears@finsmaster21.ido&quot;,
  &quot;userId&quot; : &quot;0055Y00000F07qnQAB&quot;,
  &quot;newAccount&quot; : null,
  &quot;newCensus&quot; : null,
  &quot;ConfigureCI&quot; : null,
  &quot;HI&quot; : null,
  &quot;Accident&quot; : null,
  &quot;sRecTypeName&quot; : &quot;Group Quote&quot;,
  &quot;sObjTypeName&quot; : &quot;Quote&quot;,
  &quot;recordType&quot; : {
    &quot;recTypeName&quot; : &quot;Group Quote&quot;,
    &quot;isActive&quot; : true,
    &quot;objName&quot; : &quot;Quote&quot;,
    &quot;recTypeId&quot; : &quot;0125Y0000028a8vQAA&quot;
  },
  &quot;Context&quot; : &quot;Lead&quot;,
  &quot;Source&quot; : &quot;Lead&quot;,
  &quot;RelatedAccount&quot; : &quot;0015Y00002j02jXQAQ&quot;,
  &quot;LeadCompany&quot; : &quot;Sears Accounting&quot;,
  &quot;LeadEmail&quot; : &quot;anewsom@gmail.autocumulus.com&quot;,
  &quot;LeadMobilePhone&quot; : &quot;3778024260&quot;,
  &quot;LeadLastName&quot; : &quot;Newsom&quot;,
  &quot;LeadFirstName&quot; : &quot;Adrian&quot;,
  &quot;AccountId&quot; : &quot;0015Y00002j02jXQAQ&quot;
}</previewJsonData>
    <processSuperBulk>false</processSuperBulk>
    <responseCacheTtlMinutes>0.0</responseCacheTtlMinutes>
    <rollbackOnError>false</rollbackOnError>
    <sourceObject>json</sourceObject>
    <sourceObjectDefault>false</sourceObjectDefault>
    <synchronousProcessThreshold>0.0</synchronousProcessThreshold>
    <type>Load</type>
    <uniqueName>createBusinessAccountContacts_1</uniqueName>
    <versionNumber>1.0</versionNumber>
    <xmlDeclarationRemoved>false</xmlDeclarationRemoved>
</OmniDataTransform>
