<?xml version="1.0" encoding="UTF-8"?>
<OmniDataTransform xmlns="http://soap.sforce.com/2006/04/metadata">
    <active>false</active>
    <assignmentRulesUsed>false</assignmentRulesUsed>
    <deletedOnSuccess>false</deletedOnSuccess>
    <errorIgnored>false</errorIgnored>
    <fieldLevelSecurityEnabled>false</fieldLevelSecurityEnabled>
    <inputType>JSON</inputType>
    <name>DREXGetOrderDetails</name>
    <nullInputsIncludedInOutput>false</nullInputsIncludedInOutput>
    <omniDataTransformItem>
        <disabled>false</disabled>
        <filterGroup>0.0</filterGroup>
        <globalKey>DREXGetOrderDetailsCustom6516</globalKey>
        <inputFieldName>AccountDetails:BillingStreet</inputFieldName>
        <inputObjectQuerySequence>0.0</inputObjectQuerySequence>
        <linkedObjectSequence>0.0</linkedObjectSequence>
        <name>DREXGetOrderDetails</name>
        <outputCreationSequence>1.0</outputCreationSequence>
        <outputFieldName>AccountDetails:BillingStreet</outputFieldName>
        <outputObjectName>json</outputObjectName>
        <requiredForUpsert>false</requiredForUpsert>
        <upsertKey>false</upsertKey>
    </omniDataTransformItem>
    <omniDataTransformItem>
        <disabled>false</disabled>
        <filterGroup>0.0</filterGroup>
        <globalKey>DREXGetOrderDetailsCustom4575</globalKey>
        <inputFieldName>AccountDetails:BillingCountry</inputFieldName>
        <inputObjectQuerySequence>0.0</inputObjectQuerySequence>
        <linkedObjectSequence>0.0</linkedObjectSequence>
        <name>DREXGetOrderDetails</name>
        <outputCreationSequence>1.0</outputCreationSequence>
        <outputFieldName>AccountDetails:BillingCountry</outputFieldName>
        <outputObjectName>json</outputObjectName>
        <requiredForUpsert>false</requiredForUpsert>
        <upsertKey>false</upsertKey>
    </omniDataTransformItem>
    <omniDataTransformItem>
        <disabled>false</disabled>
        <filterGroup>0.0</filterGroup>
        <globalKey>DREXGetOrderDetailsCustom7978</globalKey>
        <inputFieldName>AccountDetails:ShippingCity</inputFieldName>
        <inputObjectQuerySequence>0.0</inputObjectQuerySequence>
        <linkedObjectSequence>0.0</linkedObjectSequence>
        <name>DREXGetOrderDetails</name>
        <outputCreationSequence>1.0</outputCreationSequence>
        <outputFieldName>AccountDetails:ShippingCity</outputFieldName>
        <outputObjectName>json</outputObjectName>
        <requiredForUpsert>false</requiredForUpsert>
        <upsertKey>false</upsertKey>
    </omniDataTransformItem>
    <omniDataTransformItem>
        <disabled>false</disabled>
        <filterGroup>0.0</filterGroup>
        <globalKey>DREXGetOrderDetailsCustom137</globalKey>
        <inputFieldName>AccountDetails:ShippingCountry</inputFieldName>
        <inputObjectQuerySequence>0.0</inputObjectQuerySequence>
        <linkedObjectSequence>0.0</linkedObjectSequence>
        <name>DREXGetOrderDetails</name>
        <outputCreationSequence>1.0</outputCreationSequence>
        <outputFieldName>AccountDetails:ShippingCountry</outputFieldName>
        <outputObjectName>json</outputObjectName>
        <requiredForUpsert>false</requiredForUpsert>
        <upsertKey>false</upsertKey>
    </omniDataTransformItem>
    <omniDataTransformItem>
        <disabled>false</disabled>
        <filterGroup>0.0</filterGroup>
        <globalKey>DREXGetOrderDetailsCustom5387</globalKey>
        <inputFieldName>AccountDetails:ShippingState</inputFieldName>
        <inputObjectQuerySequence>0.0</inputObjectQuerySequence>
        <linkedObjectSequence>0.0</linkedObjectSequence>
        <name>DREXGetOrderDetails</name>
        <outputCreationSequence>1.0</outputCreationSequence>
        <outputFieldName>AccountDetails:ShippingState</outputFieldName>
        <outputObjectName>json</outputObjectName>
        <requiredForUpsert>false</requiredForUpsert>
        <upsertKey>false</upsertKey>
    </omniDataTransformItem>
    <omniDataTransformItem>
        <disabled>false</disabled>
        <filterGroup>0.0</filterGroup>
        <globalKey>DREXGetOrderDetailsCustom3606</globalKey>
        <inputFieldName>AccountDetails:BillingPostalCode</inputFieldName>
        <inputObjectQuerySequence>0.0</inputObjectQuerySequence>
        <linkedObjectSequence>0.0</linkedObjectSequence>
        <name>DREXGetOrderDetails</name>
        <outputCreationSequence>1.0</outputCreationSequence>
        <outputFieldName>AccountDetails:BillingPostalCode</outputFieldName>
        <outputObjectName>json</outputObjectName>
        <requiredForUpsert>false</requiredForUpsert>
        <upsertKey>false</upsertKey>
    </omniDataTransformItem>
    <omniDataTransformItem>
        <disabled>false</disabled>
        <filterGroup>0.0</filterGroup>
        <globalKey>DREXGetOrderDetailsCustom8691</globalKey>
        <inputFieldName>ContactDetails:Email</inputFieldName>
        <inputObjectQuerySequence>0.0</inputObjectQuerySequence>
        <linkedObjectSequence>0.0</linkedObjectSequence>
        <name>DREXGetOrderDetails</name>
        <outputCreationSequence>1.0</outputCreationSequence>
        <outputFieldName>ContactDetails:Email</outputFieldName>
        <outputObjectName>json</outputObjectName>
        <requiredForUpsert>false</requiredForUpsert>
        <upsertKey>false</upsertKey>
    </omniDataTransformItem>
    <omniDataTransformItem>
        <disabled>false</disabled>
        <filterGroup>0.0</filterGroup>
        <globalKey>DREXGetOrderDetailsCustom6509</globalKey>
        <inputFieldName>ContactDetails:Name</inputFieldName>
        <inputObjectQuerySequence>0.0</inputObjectQuerySequence>
        <linkedObjectSequence>0.0</linkedObjectSequence>
        <name>DREXGetOrderDetails</name>
        <outputCreationSequence>1.0</outputCreationSequence>
        <outputFieldName>ContactDetails:Name</outputFieldName>
        <outputObjectName>json</outputObjectName>
        <requiredForUpsert>false</requiredForUpsert>
        <upsertKey>false</upsertKey>
    </omniDataTransformItem>
    <omniDataTransformItem>
        <disabled>false</disabled>
        <filterGroup>0.0</filterGroup>
        <globalKey>DREXGetOrderDetailsCustom1902</globalKey>
        <inputFieldName>AccountDetails:BillingCity</inputFieldName>
        <inputObjectQuerySequence>0.0</inputObjectQuerySequence>
        <linkedObjectSequence>0.0</linkedObjectSequence>
        <name>DREXGetOrderDetails</name>
        <outputCreationSequence>1.0</outputCreationSequence>
        <outputFieldName>AccountDetails:BillingCity</outputFieldName>
        <outputObjectName>json</outputObjectName>
        <requiredForUpsert>false</requiredForUpsert>
        <upsertKey>false</upsertKey>
    </omniDataTransformItem>
    <omniDataTransformItem>
        <disabled>false</disabled>
        <filterGroup>0.0</filterGroup>
        <globalKey>DREXGetOrderDetailsCustom6294</globalKey>
        <inputFieldName>AccountDetails:ShippingStreet</inputFieldName>
        <inputObjectQuerySequence>0.0</inputObjectQuerySequence>
        <linkedObjectSequence>0.0</linkedObjectSequence>
        <name>DREXGetOrderDetails</name>
        <outputCreationSequence>1.0</outputCreationSequence>
        <outputFieldName>AccountDetails:ShippingStreet</outputFieldName>
        <outputObjectName>json</outputObjectName>
        <requiredForUpsert>false</requiredForUpsert>
        <upsertKey>false</upsertKey>
    </omniDataTransformItem>
    <omniDataTransformItem>
        <disabled>false</disabled>
        <filterGroup>0.0</filterGroup>
        <globalKey>DREXGetOrderDetailsCustom3417</globalKey>
        <inputFieldName>AccountDetails:ShippingPostalCode</inputFieldName>
        <inputObjectQuerySequence>0.0</inputObjectQuerySequence>
        <linkedObjectSequence>0.0</linkedObjectSequence>
        <name>DREXGetOrderDetails</name>
        <outputCreationSequence>1.0</outputCreationSequence>
        <outputFieldName>AccountDetails:ShippingPostalCode</outputFieldName>
        <outputObjectName>json</outputObjectName>
        <requiredForUpsert>false</requiredForUpsert>
        <upsertKey>false</upsertKey>
    </omniDataTransformItem>
    <omniDataTransformItem>
        <disabled>false</disabled>
        <filterGroup>0.0</filterGroup>
        <globalKey>DREXGetOrderDetailsCustom8011</globalKey>
        <inputFieldName>OrderDetails:CreatedBy.Name</inputFieldName>
        <inputObjectQuerySequence>0.0</inputObjectQuerySequence>
        <linkedObjectSequence>0.0</linkedObjectSequence>
        <name>DREXGetOrderDetails</name>
        <outputCreationSequence>1.0</outputCreationSequence>
        <outputFieldName>OrderDetails:CreatedBy</outputFieldName>
        <outputObjectName>json</outputObjectName>
        <requiredForUpsert>false</requiredForUpsert>
        <upsertKey>false</upsertKey>
    </omniDataTransformItem>
    <omniDataTransformItem>
        <disabled>false</disabled>
        <filterGroup>0.0</filterGroup>
        <globalKey>1224332c-12d9-4e40-8ade-c38e34c119f1</globalKey>
        <inputFieldName>OrderDetails:TotalAmount</inputFieldName>
        <inputObjectQuerySequence>0.0</inputObjectQuerySequence>
        <linkedObjectSequence>0.0</linkedObjectSequence>
        <name>DREXGetOrderDetails</name>
        <outputCreationSequence>1.0</outputCreationSequence>
        <outputFieldName>OrderDetails:TotalAmount</outputFieldName>
        <outputObjectName>json</outputObjectName>
        <requiredForUpsert>false</requiredForUpsert>
        <upsertKey>false</upsertKey>
    </omniDataTransformItem>
    <omniDataTransformItem>
        <disabled>false</disabled>
        <filterGroup>0.0</filterGroup>
        <globalKey>DREXGetOrderDetailsCustom116</globalKey>
        <inputFieldName>AccountDetails:BillingState</inputFieldName>
        <inputObjectQuerySequence>0.0</inputObjectQuerySequence>
        <linkedObjectSequence>0.0</linkedObjectSequence>
        <name>DREXGetOrderDetails</name>
        <outputCreationSequence>1.0</outputCreationSequence>
        <outputFieldName>AccountDetails:BillingState</outputFieldName>
        <outputObjectName>json</outputObjectName>
        <requiredForUpsert>false</requiredForUpsert>
        <upsertKey>false</upsertKey>
    </omniDataTransformItem>
    <omniDataTransformItem>
        <disabled>false</disabled>
        <filterGroup>0.0</filterGroup>
        <globalKey>DREXGetOrderDetailsCustom3878</globalKey>
        <inputFieldName>ContactDetails:Phone</inputFieldName>
        <inputObjectQuerySequence>0.0</inputObjectQuerySequence>
        <linkedObjectSequence>0.0</linkedObjectSequence>
        <name>DREXGetOrderDetails</name>
        <outputCreationSequence>1.0</outputCreationSequence>
        <outputFieldName>ContactDetails:Phone</outputFieldName>
        <outputObjectName>json</outputObjectName>
        <requiredForUpsert>false</requiredForUpsert>
        <upsertKey>false</upsertKey>
    </omniDataTransformItem>
    <omniDataTransformItem>
        <disabled>false</disabled>
        <filterGroup>0.0</filterGroup>
        <globalKey>DREXGetOrderDetailsCustom2</globalKey>
        <inputFieldName>ContactDetails:Id</inputFieldName>
        <inputObjectQuerySequence>0.0</inputObjectQuerySequence>
        <linkedObjectSequence>0.0</linkedObjectSequence>
        <name>DREXGetOrderDetails</name>
        <outputCreationSequence>1.0</outputCreationSequence>
        <outputFieldName>ContactDetails:Id</outputFieldName>
        <outputObjectName>json</outputObjectName>
        <requiredForUpsert>false</requiredForUpsert>
        <upsertKey>false</upsertKey>
    </omniDataTransformItem>
    <omniDataTransformItem>
        <disabled>false</disabled>
        <filterGroup>0.0</filterGroup>
        <globalKey>DREXGetOrderDetailsCustom9145</globalKey>
        <inputFieldName>ContactDetails:Fax</inputFieldName>
        <inputObjectQuerySequence>0.0</inputObjectQuerySequence>
        <linkedObjectSequence>0.0</linkedObjectSequence>
        <name>DREXGetOrderDetails</name>
        <outputCreationSequence>1.0</outputCreationSequence>
        <outputFieldName>ContactDetails:Fax</outputFieldName>
        <outputObjectName>json</outputObjectName>
        <requiredForUpsert>false</requiredForUpsert>
        <upsertKey>false</upsertKey>
    </omniDataTransformItem>
    <omniDataTransformItem>
        <disabled>false</disabled>
        <filterGroup>0.0</filterGroup>
        <globalKey>6abfae9e-ba39-43bf-9810-2d79392eb45c</globalKey>
        <inputFieldName>OrderItem:TotalPrice</inputFieldName>
        <inputObjectQuerySequence>0.0</inputObjectQuerySequence>
        <linkedObjectSequence>0.0</linkedObjectSequence>
        <name>DREXGetOrderDetails</name>
        <outputCreationSequence>1.0</outputCreationSequence>
        <outputFieldName>OrderItem:TotalPrice</outputFieldName>
        <outputObjectName>json</outputObjectName>
        <requiredForUpsert>false</requiredForUpsert>
        <upsertKey>false</upsertKey>
    </omniDataTransformItem>
    <omniDataTransformItem>
        <disabled>false</disabled>
        <filterGroup>0.0</filterGroup>
        <globalKey>ba51ff72-9373-46fe-bd4a-45ba7f2ee344</globalKey>
        <inputFieldName>OrderItem:Quantity</inputFieldName>
        <inputObjectQuerySequence>0.0</inputObjectQuerySequence>
        <linkedObjectSequence>0.0</linkedObjectSequence>
        <name>DREXGetOrderDetails</name>
        <outputCreationSequence>1.0</outputCreationSequence>
        <outputFieldName>OrderItem:Quantity</outputFieldName>
        <outputObjectName>json</outputObjectName>
        <requiredForUpsert>false</requiredForUpsert>
        <upsertKey>false</upsertKey>
    </omniDataTransformItem>
    <omniDataTransformItem>
        <disabled>false</disabled>
        <filterGroup>0.0</filterGroup>
        <globalKey>a85f5d59-f689-4dec-9142-b7f60c88b834</globalKey>
        <inputFieldName>OrderItem:UnitPrice</inputFieldName>
        <inputObjectQuerySequence>0.0</inputObjectQuerySequence>
        <linkedObjectSequence>0.0</linkedObjectSequence>
        <name>DREXGetOrderDetails</name>
        <outputCreationSequence>1.0</outputCreationSequence>
        <outputFieldName>OrderItem:UnitPrice</outputFieldName>
        <outputObjectName>json</outputObjectName>
        <requiredForUpsert>false</requiredForUpsert>
        <upsertKey>false</upsertKey>
    </omniDataTransformItem>
    <omniDataTransformItem>
        <disabled>false</disabled>
        <filterGroup>0.0</filterGroup>
        <filterOperator>=</filterOperator>
        <filterValue>OrderDetails:CustomerAuthorizedById</filterValue>
        <globalKey>DREXGetOrderDetailsCustom1361</globalKey>
        <inputFieldName>Id</inputFieldName>
        <inputObjectName>Contact</inputObjectName>
        <inputObjectQuerySequence>4.0</inputObjectQuerySequence>
        <linkedObjectSequence>0.0</linkedObjectSequence>
        <name>DREXGetOrderDetails</name>
        <outputCreationSequence>0.0</outputCreationSequence>
        <outputFieldName>ContactDetails</outputFieldName>
        <outputObjectName>json</outputObjectName>
        <requiredForUpsert>false</requiredForUpsert>
        <upsertKey>false</upsertKey>
    </omniDataTransformItem>
    <omniDataTransformItem>
        <disabled>false</disabled>
        <filterGroup>0.0</filterGroup>
        <filterOperator>=</filterOperator>
        <filterValue>DRId_Order</filterValue>
        <globalKey>72ee558a-1ffc-4d52-a9e8-2bea05f9a50b</globalKey>
        <inputFieldName>OrderId</inputFieldName>
        <inputObjectName>OrderItem</inputObjectName>
        <inputObjectQuerySequence>3.0</inputObjectQuerySequence>
        <linkedObjectSequence>0.0</linkedObjectSequence>
        <name>DREXGetOrderDetails</name>
        <outputCreationSequence>0.0</outputCreationSequence>
        <outputFieldName>OrderItem</outputFieldName>
        <outputObjectName>json</outputObjectName>
        <requiredForUpsert>false</requiredForUpsert>
        <upsertKey>false</upsertKey>
    </omniDataTransformItem>
    <omniDataTransformItem>
        <disabled>false</disabled>
        <filterGroup>0.0</filterGroup>
        <globalKey>1860647b-91fa-4c2c-b4e9-d177978948d0</globalKey>
        <inputFieldName>AccountDetails:Id</inputFieldName>
        <inputObjectQuerySequence>0.0</inputObjectQuerySequence>
        <linkedObjectSequence>0.0</linkedObjectSequence>
        <name>DREXGetOrderDetails</name>
        <outputCreationSequence>1.0</outputCreationSequence>
        <outputFieldName>AccountDetails:Id</outputFieldName>
        <outputObjectName>json</outputObjectName>
        <requiredForUpsert>false</requiredForUpsert>
        <upsertKey>false</upsertKey>
    </omniDataTransformItem>
    <omniDataTransformItem>
        <disabled>false</disabled>
        <filterGroup>0.0</filterGroup>
        <globalKey>b8366a61-ccd0-4536-8d60-af6aad44c6e4</globalKey>
        <inputFieldName>AccountDetails:AccountNumber</inputFieldName>
        <inputObjectQuerySequence>0.0</inputObjectQuerySequence>
        <linkedObjectSequence>0.0</linkedObjectSequence>
        <name>DREXGetOrderDetails</name>
        <outputCreationSequence>1.0</outputCreationSequence>
        <outputFieldName>AccountDetails:accountNumber</outputFieldName>
        <outputObjectName>json</outputObjectName>
        <requiredForUpsert>false</requiredForUpsert>
        <upsertKey>false</upsertKey>
    </omniDataTransformItem>
    <omniDataTransformItem>
        <disabled>false</disabled>
        <filterGroup>0.0</filterGroup>
        <globalKey>f365b5fe-c85b-466d-80c5-46b7c19519c1</globalKey>
        <inputFieldName>OrderItem:Product2.Name</inputFieldName>
        <inputObjectQuerySequence>0.0</inputObjectQuerySequence>
        <linkedObjectSequence>0.0</linkedObjectSequence>
        <name>DREXGetOrderDetails</name>
        <outputCreationSequence>1.0</outputCreationSequence>
        <outputFieldName>OrderItem:Name</outputFieldName>
        <outputObjectName>json</outputObjectName>
        <requiredForUpsert>false</requiredForUpsert>
        <upsertKey>false</upsertKey>
    </omniDataTransformItem>
    <omniDataTransformItem>
        <disabled>false</disabled>
        <filterGroup>0.0</filterGroup>
        <filterOperator>=</filterOperator>
        <filterValue>DRId_Order</filterValue>
        <globalKey>7514c192-5348-4f71-9baa-d09c44069aa8</globalKey>
        <inputFieldName>Id</inputFieldName>
        <inputObjectName>Order</inputObjectName>
        <inputObjectQuerySequence>1.0</inputObjectQuerySequence>
        <linkedObjectSequence>0.0</linkedObjectSequence>
        <name>DREXGetOrderDetails</name>
        <outputCreationSequence>0.0</outputCreationSequence>
        <outputFieldName>OrderDetails</outputFieldName>
        <outputObjectName>json</outputObjectName>
        <requiredForUpsert>false</requiredForUpsert>
        <upsertKey>false</upsertKey>
    </omniDataTransformItem>
    <omniDataTransformItem>
        <disabled>false</disabled>
        <filterGroup>0.0</filterGroup>
        <globalKey>74d88847-30c6-4038-beae-5b941b09c7ac</globalKey>
        <inputFieldName>OrderDetails:AccountId</inputFieldName>
        <inputObjectQuerySequence>0.0</inputObjectQuerySequence>
        <linkedObjectSequence>0.0</linkedObjectSequence>
        <name>DREXGetOrderDetails</name>
        <outputCreationSequence>1.0</outputCreationSequence>
        <outputFieldName>OrderDetails:AccountId</outputFieldName>
        <outputObjectName>json</outputObjectName>
        <requiredForUpsert>false</requiredForUpsert>
        <upsertKey>false</upsertKey>
    </omniDataTransformItem>
    <omniDataTransformItem>
        <disabled>false</disabled>
        <filterGroup>0.0</filterGroup>
        <globalKey>82a75e1c-5308-45f8-b012-06c19041c362</globalKey>
        <inputFieldName>AccountDetails:Name</inputFieldName>
        <inputObjectQuerySequence>0.0</inputObjectQuerySequence>
        <linkedObjectSequence>0.0</linkedObjectSequence>
        <name>DREXGetOrderDetails</name>
        <outputCreationSequence>1.0</outputCreationSequence>
        <outputFieldName>AccountDetails:Name</outputFieldName>
        <outputObjectName>json</outputObjectName>
        <requiredForUpsert>false</requiredForUpsert>
        <upsertKey>false</upsertKey>
    </omniDataTransformItem>
    <omniDataTransformItem>
        <disabled>false</disabled>
        <filterGroup>0.0</filterGroup>
        <globalKey>9201a007-8506-46a8-8589-3441aa668532</globalKey>
        <inputFieldName>OrderDetails:OrderNumber</inputFieldName>
        <inputObjectQuerySequence>0.0</inputObjectQuerySequence>
        <linkedObjectSequence>0.0</linkedObjectSequence>
        <name>DREXGetOrderDetails</name>
        <outputCreationSequence>1.0</outputCreationSequence>
        <outputFieldName>OrderDetails:OrderNumber</outputFieldName>
        <outputObjectName>json</outputObjectName>
        <requiredForUpsert>false</requiredForUpsert>
        <upsertKey>false</upsertKey>
    </omniDataTransformItem>
    <omniDataTransformItem>
        <disabled>false</disabled>
        <filterGroup>0.0</filterGroup>
        <globalKey>6d42bce0-0b8a-45c3-9a5f-8f3ab46ffdd8</globalKey>
        <inputFieldName>OrderDetails:ShippingAddress</inputFieldName>
        <inputObjectQuerySequence>0.0</inputObjectQuerySequence>
        <linkedObjectSequence>0.0</linkedObjectSequence>
        <name>DREXGetOrderDetails</name>
        <outputCreationSequence>1.0</outputCreationSequence>
        <outputFieldName>OrderDetails:BillingAddress</outputFieldName>
        <outputObjectName>json</outputObjectName>
        <requiredForUpsert>false</requiredForUpsert>
        <upsertKey>false</upsertKey>
    </omniDataTransformItem>
    <omniDataTransformItem>
        <disabled>false</disabled>
        <filterGroup>0.0</filterGroup>
        <filterOperator>=</filterOperator>
        <filterValue>OrderDetails:AccountId</filterValue>
        <globalKey>514c7c6f-9ce4-4ad7-913b-927e95c90bb3</globalKey>
        <inputFieldName>Id</inputFieldName>
        <inputObjectName>Account</inputObjectName>
        <inputObjectQuerySequence>2.0</inputObjectQuerySequence>
        <linkedObjectSequence>0.0</linkedObjectSequence>
        <name>DREXGetOrderDetails</name>
        <outputCreationSequence>0.0</outputCreationSequence>
        <outputFieldName>AccountDetails</outputFieldName>
        <outputObjectName>json</outputObjectName>
        <requiredForUpsert>false</requiredForUpsert>
        <upsertKey>false</upsertKey>
    </omniDataTransformItem>
    <omniDataTransformItem>
        <disabled>false</disabled>
        <filterGroup>0.0</filterGroup>
        <formulaSequence>1.0</formulaSequence>
        <globalKey>211cd1d6-fb65-44a9-92e5-2bbe9eacaf5e</globalKey>
        <inputObjectQuerySequence>0.0</inputObjectQuerySequence>
        <linkedObjectSequence>0.0</linkedObjectSequence>
        <name>DREXGetOrderDetails</name>
        <outputCreationSequence>0.0</outputCreationSequence>
        <outputFieldName>Formula</outputFieldName>
        <outputObjectName>Formula</outputObjectName>
        <requiredForUpsert>false</requiredForUpsert>
        <upsertKey>false</upsertKey>
    </omniDataTransformItem>
    <outputType>JSON</outputType>
    <previewJsonData>{
  &quot;ContextId&quot; : &quot;8018Z0000048mQiQAI&quot;
}</previewJsonData>
    <processSuperBulk>false</processSuperBulk>
    <responseCacheTtlMinutes>0.0</responseCacheTtlMinutes>
    <rollbackOnError>false</rollbackOnError>
    <sourceObject>json</sourceObject>
    <sourceObjectDefault>false</sourceObjectDefault>
    <synchronousProcessThreshold>0.0</synchronousProcessThreshold>
    <type>Extract</type>
    <uniqueName>DREXGetOrderDetails_1</uniqueName>
    <versionNumber>1.0</versionNumber>
    <xmlDeclarationRemoved>false</xmlDeclarationRemoved>
</OmniDataTransform>
