<?xml version="1.0" encoding="UTF-8"?>
<OmniDataTransform xmlns="http://soap.sforce.com/2006/04/metadata">
    <active>false</active>
    <assignmentRulesUsed>false</assignmentRulesUsed>
    <deletedOnSuccess>false</deletedOnSuccess>
    <errorIgnored>false</errorIgnored>
    <expectedInputJson>{
  &quot;&quot; : &quot;&quot;,
  &quot;timeStamp&quot; : &quot;2022-03-22T07:09:18.200Z&quot;,
  &quot;userProfile&quot; : &quot;System Administrator&quot;,
  &quot;userTimeZoneName&quot; : &quot;America/Los_Angeles&quot;,
  &quot;userTimeZone&quot; : &quot;-420&quot;,
  &quot;userCurrencyCode&quot; : &quot;USD&quot;,
  &quot;userName&quot; : &quot;rebate-admin-72@gs0.org&quot;,
  &quot;userId&quot; : &quot;005B0000007L6rwIAC&quot;,
  &quot;GenerateDocument&quot; : null,
  &quot;Error&quot; : { },
  &quot;AccountInfo&quot; : {
    &quot;TAAccountName-Block&quot; : {
      &quot;TAAccountName&quot; : &quot;Acme&quot;,
      &quot;BillingCountry&quot; : &quot;Bill USA&quot;,
      &quot;BillingState&quot; : &quot;Bill MH&quot;,
      &quot;BillingCity&quot; : &quot;Bill New York&quot;,
      &quot;Website&quot; : &quot;www.google.com&quot;,
      &quot;AccountPhone&quot; : &quot;(212) 555-5555&quot;,
      &quot;Name&quot; : &quot;Acme&quot;,
      &quot;AccountIdSF&quot; : &quot;001B000001LxacQIAR&quot;,
      &quot;BillingStreet&quot; : &quot;Bill Street A&quot;,
      &quot;BillingPostalCode&quot; : &quot;Bill 31349&quot;
    }
  },
  &quot;vlcTimeTracking&quot; : {
    &quot;OmniScriptSessionToken&quot; : &quot;32ac7e1e-c761-48a3-afc9-cb82be2239cf&quot;,
    &quot;AccountInfo&quot; : 5471,
    &quot;SelectedAccount&quot; : 0,
    &quot;DRFetchContactDetails&quot; : 444,
    &quot;SetValues3&quot; : 0,
    &quot;AccountsAndContacts&quot; : 4947
  },
  &quot;selectedAccountId&quot; : &quot;001B000001LxacQIAR&quot;,
  &quot;setAccountDetails&quot; : {
    &quot;TAAccountName&quot; : &quot;Acme&quot;,
    &quot;BillingCountry&quot; : &quot;Bill USA&quot;,
    &quot;BillingState&quot; : &quot;Bill MH&quot;,
    &quot;BillingCity&quot; : &quot;Bill New York&quot;,
    &quot;Website&quot; : &quot;www.google.com&quot;,
    &quot;AccountPhone&quot; : &quot;(212) 555-5555&quot;,
    &quot;Name&quot; : &quot;Acme&quot;,
    &quot;AccountIdSF&quot; : &quot;001B000001LxacQIAR&quot;,
    &quot;BillingStreet&quot; : &quot;Bill Street A&quot;,
    &quot;BillingPostalCode&quot; : &quot;Bill 31349&quot;
  },
  &quot;Contacts&quot; : [ {
    &quot;Email&quot; : &quot;paresh.koshti@pwc.com&quot;,
    &quot;Phone&quot; : &quot;(212) 555-5555&quot;,
    &quot;ContactId&quot; : &quot;003B000000IP2hnIAD&quot;,
    &quot;FirstName&quot; : &quot;Edward&quot;,
    &quot;LastName&quot; : &quot;Stamos&quot;,
    &quot;AccountIdofContact&quot; : &quot;001B000001LxacQIAR&quot;
  }, {
    &quot;Email&quot; : &quot;pgoriparthy@salesforce.com&quot;,
    &quot;Phone&quot; : &quot;(212) 555-5555&quot;,
    &quot;ContactId&quot; : &quot;003B000000IP2hoIAD&quot;,
    &quot;FirstName&quot; : &quot;Howard&quot;,
    &quot;LastName&quot; : &quot;Jones&quot;,
    &quot;AccountIdofContact&quot; : &quot;001B000001LxacQIAR&quot;
  }, {
    &quot;Email&quot; : &quot;pkoshti@salesforce.com&quot;,
    &quot;Phone&quot; : &quot;(212) 555-5555&quot;,
    &quot;ContactId&quot; : &quot;003B000000IP2hpIAD&quot;,
    &quot;FirstName&quot; : &quot;Leanne&quot;,
    &quot;LastName&quot; : &quot;Tomlin&quot;,
    &quot;AccountIdofContact&quot; : &quot;001B000001LxacQIAR&quot;
  }, {
    &quot;Email&quot; : &quot;info@salesforce.com&quot;,
    &quot;Phone&quot; : &quot;(415) 901-7000&quot;,
    &quot;ContactId&quot; : &quot;003B000000IP2hqIAD&quot;,
    &quot;FirstName&quot; : &quot;Marc&quot;,
    &quot;LastName&quot; : &quot;Benioff&quot;,
    &quot;AccountIdofContact&quot; : &quot;001B000001LxacQIAR&quot;
  }, {
    &quot;Email&quot; : &quot;asda@gmail.com&quot;,
    &quot;Phone&quot; : &quot;34324&quot;,
    &quot;ContactId&quot; : &quot;003B000000KqNowIAF&quot;,
    &quot;FirstName&quot; : &quot;asd&quot;,
    &quot;LastName&quot; : &quot;asd&quot;,
    &quot;AccountIdofContact&quot; : &quot;001B000001LxacQIAR&quot;
  } ],
  &quot;AccountsAndContacts&quot; : {
    &quot;ContactDetails&quot; : [ {
      &quot;AccountIdofContact&quot; : &quot;001B000001LxacQIAR&quot;,
      &quot;selectedContact&quot; : false,
      &quot;Email&quot; : &quot;paresh.koshti@pwc.com&quot;,
      &quot;Phone&quot; : &quot;(212) 555-5555&quot;,
      &quot;ContactId&quot; : &quot;003B000000IP2hnIAD&quot;,
      &quot;FirstName&quot; : &quot;Edward&quot;,
      &quot;LastName&quot; : &quot;Stamos&quot;
    }, {
      &quot;selectedContact&quot; : true,
      &quot;AccountIdofContact&quot; : &quot;001B000001LxacQIAR&quot;,
      &quot;Email&quot; : &quot;pgoriparthy@salesforce.com&quot;,
      &quot;Phone&quot; : &quot;(212) 555-5555&quot;,
      &quot;ContactId&quot; : &quot;003B000000IP2hoIAD&quot;,
      &quot;FirstName&quot; : &quot;Howard&quot;,
      &quot;LastName&quot; : &quot;Jones&quot;
    }, {
      &quot;selectedContact&quot; : false,
      &quot;AccountIdofContact&quot; : &quot;001B000001LxacQIAR&quot;,
      &quot;Email&quot; : &quot;pkoshti@salesforce.com&quot;,
      &quot;Phone&quot; : &quot;(212) 555-5555&quot;,
      &quot;ContactId&quot; : &quot;003B000000IP2hpIAD&quot;,
      &quot;FirstName&quot; : &quot;Leanne&quot;,
      &quot;LastName&quot; : &quot;Tomlin&quot;
    }, {
      &quot;selectedContact&quot; : false,
      &quot;AccountIdofContact&quot; : &quot;001B000001LxacQIAR&quot;,
      &quot;Email&quot; : &quot;info@salesforce.com&quot;,
      &quot;Phone&quot; : &quot;(415) 901-7000&quot;,
      &quot;ContactId&quot; : &quot;003B000000IP2hqIAD&quot;,
      &quot;FirstName&quot; : &quot;Marc&quot;,
      &quot;LastName&quot; : &quot;Benioff&quot;
    }, {
      &quot;selectedContact&quot; : false,
      &quot;AccountIdofContact&quot; : &quot;001B000001LxacQIAR&quot;,
      &quot;Email&quot; : &quot;asda@gmail.com&quot;,
      &quot;Phone&quot; : &quot;34324&quot;,
      &quot;ContactId&quot; : &quot;003B000000KqNowIAF&quot;,
      &quot;FirstName&quot; : &quot;asd&quot;,
      &quot;LastName&quot; : &quot;asd&quot;
    } ]
  }
}</expectedInputJson>
    <fieldLevelSecurityEnabled>false</fieldLevelSecurityEnabled>
    <inputType>JSON</inputType>
    <name>DRLOCreateDraftOrder</name>
    <nullInputsIncludedInOutput>false</nullInputsIncludedInOutput>
    <omniDataTransformItem>
        <disabled>true</disabled>
        <filterGroup>0.0</filterGroup>
        <filterOperator>=</filterOperator>
        <globalKey>DRLOCreateDraftOrderCustom0jI8Y000000005LUAQItem2</globalKey>
        <inputObjectQuerySequence>0.0</inputObjectQuerySequence>
        <linkedObjectSequence>0.0</linkedObjectSequence>
        <migrationValue>FAKEMAPPING</migrationValue>
        <name>DRLOCreateDraftOrder</name>
        <outputCreationSequence>1.0</outputCreationSequence>
        <outputFieldName>Id</outputFieldName>
        <outputObjectName>Order</outputObjectName>
        <requiredForUpsert>false</requiredForUpsert>
        <upsertKey>false</upsertKey>
    </omniDataTransformItem>
    <omniDataTransformItem>
        <disabled>false</disabled>
        <filterGroup>0.0</filterGroup>
        <globalKey>DRLOCreateDraftOrderCustom0jI8Y000000005LUAQItem4</globalKey>
        <inputFieldName>StartDate</inputFieldName>
        <inputObjectQuerySequence>0.0</inputObjectQuerySequence>
        <linkedObjectSequence>0.0</linkedObjectSequence>
        <name>DRLOCreateDraftOrder</name>
        <outputCreationSequence>1.0</outputCreationSequence>
        <outputFieldName>EffectiveDate</outputFieldName>
        <outputObjectName>Order</outputObjectName>
        <requiredForUpsert>false</requiredForUpsert>
        <upsertKey>false</upsertKey>
    </omniDataTransformItem>
    <omniDataTransformItem>
        <defaultValue>Draft</defaultValue>
        <disabled>false</disabled>
        <filterGroup>0.0</filterGroup>
        <globalKey>DRLOCreateDraftOrderCustom0jI8Y000000005LUAQItem3</globalKey>
        <inputFieldName>Status</inputFieldName>
        <inputObjectQuerySequence>0.0</inputObjectQuerySequence>
        <linkedObjectSequence>0.0</linkedObjectSequence>
        <name>DRLOCreateDraftOrder</name>
        <outputCreationSequence>1.0</outputCreationSequence>
        <outputFieldName>Status</outputFieldName>
        <outputObjectName>Order</outputObjectName>
        <requiredForUpsert>false</requiredForUpsert>
        <upsertKey>false</upsertKey>
    </omniDataTransformItem>
    <omniDataTransformItem>
        <disabled>false</disabled>
        <filterGroup>0.0</filterGroup>
        <globalKey>DRLOCreateDraftOrderCustom0jI8Y000000005LUAQItem5</globalKey>
        <inputFieldName>contactID</inputFieldName>
        <inputObjectQuerySequence>0.0</inputObjectQuerySequence>
        <linkedObjectSequence>0.0</linkedObjectSequence>
        <name>DRLOCreateDraftOrder</name>
        <outputCreationSequence>1.0</outputCreationSequence>
        <outputFieldName>CustomerAuthorizedById</outputFieldName>
        <outputObjectName>Order</outputObjectName>
        <requiredForUpsert>false</requiredForUpsert>
        <upsertKey>false</upsertKey>
    </omniDataTransformItem>
    <omniDataTransformItem>
        <disabled>false</disabled>
        <filterGroup>0.0</filterGroup>
        <globalKey>DRLOCreateDraftOrderCustom0jI8Y000000005LUAQItem6</globalKey>
        <inputFieldName>setAccountDetails:AccountIdSF</inputFieldName>
        <inputObjectQuerySequence>0.0</inputObjectQuerySequence>
        <linkedObjectSequence>0.0</linkedObjectSequence>
        <name>DRLOCreateDraftOrder</name>
        <outputCreationSequence>1.0</outputCreationSequence>
        <outputFieldName>AccountId</outputFieldName>
        <outputObjectName>Order</outputObjectName>
        <requiredForUpsert>true</requiredForUpsert>
        <upsertKey>false</upsertKey>
    </omniDataTransformItem>
    <omniDataTransformItem>
        <disabled>false</disabled>
        <filterGroup>0.0</filterGroup>
        <globalKey>DRLOCreateDraftOrderCustom0jI8Y000000005LUAQItem7</globalKey>
        <inputFieldName>PriceBookEntry:PriceBook-Block:PriceBookIdSF</inputFieldName>
        <inputObjectQuerySequence>0.0</inputObjectQuerySequence>
        <linkedObjectSequence>0.0</linkedObjectSequence>
        <name>DRLOCreateDraftOrder</name>
        <outputCreationSequence>1.0</outputCreationSequence>
        <outputFieldFormat>String</outputFieldFormat>
        <outputFieldName>Pricebook2Id</outputFieldName>
        <outputObjectName>Order</outputObjectName>
        <requiredForUpsert>false</requiredForUpsert>
        <upsertKey>false</upsertKey>
    </omniDataTransformItem>
    <omniDataTransformItem>
        <disabled>true</disabled>
        <filterGroup>0.0</filterGroup>
        <globalKey>DRLOCreateDraftOrderCustom1730</globalKey>
        <inputFieldName>DRId_Order</inputFieldName>
        <inputObjectQuerySequence>0.0</inputObjectQuerySequence>
        <linkedObjectSequence>0.0</linkedObjectSequence>
        <name>DRLOCreateDraftOrder</name>
        <outputCreationSequence>1.0</outputCreationSequence>
        <outputFieldName>Id</outputFieldName>
        <outputObjectName>Order</outputObjectName>
        <requiredForUpsert>false</requiredForUpsert>
        <upsertKey>false</upsertKey>
    </omniDataTransformItem>
    <omniDataTransformItem>
        <disabled>false</disabled>
        <filterGroup>0.0</filterGroup>
        <globalKey>DRLOCreateDraftOrderCustom0jI8Y000000005LUAQItem9</globalKey>
        <inputFieldName>estimatedProducts:ProductsInCart:summaryproducts:ep:PbeUnitPrice</inputFieldName>
        <inputObjectQuerySequence>0.0</inputObjectQuerySequence>
        <linkedObjectSequence>0.0</linkedObjectSequence>
        <name>DRLOCreateDraftOrder</name>
        <outputCreationSequence>2.0</outputCreationSequence>
        <outputFieldName>UnitPrice</outputFieldName>
        <outputObjectName>OrderItem</outputObjectName>
        <requiredForUpsert>false</requiredForUpsert>
        <upsertKey>false</upsertKey>
    </omniDataTransformItem>
    <omniDataTransformItem>
        <disabled>false</disabled>
        <filterGroup>0.0</filterGroup>
        <formulaConverted>| TODAY</formulaConverted>
        <formulaExpression>TODAY()</formulaExpression>
        <formulaResultPath>StartDate</formulaResultPath>
        <formulaSequence>1.0</formulaSequence>
        <globalKey>DRLOCreateDraftOrderCustom0jI8Y000000005LUAQItem0</globalKey>
        <inputObjectQuerySequence>0.0</inputObjectQuerySequence>
        <linkedObjectSequence>0.0</linkedObjectSequence>
        <name>DRLOCreateDraftOrder</name>
        <outputCreationSequence>0.0</outputCreationSequence>
        <outputFieldName>Formula</outputFieldName>
        <outputObjectName>Formula</outputObjectName>
        <requiredForUpsert>false</requiredForUpsert>
        <upsertKey>false</upsertKey>
    </omniDataTransformItem>
    <omniDataTransformItem>
        <defaultValue>PreWorkEstimate</defaultValue>
        <disabled>false</disabled>
        <filterGroup>0.0</filterGroup>
        <globalKey>DRLOCreateDraftOrderCustom0jI8Y000000005LUAQItem8</globalKey>
        <inputFieldName>Type</inputFieldName>
        <inputObjectQuerySequence>0.0</inputObjectQuerySequence>
        <linkedObjectSequence>0.0</linkedObjectSequence>
        <name>DRLOCreateDraftOrder</name>
        <outputCreationSequence>1.0</outputCreationSequence>
        <outputFieldName>Type</outputFieldName>
        <outputObjectName>Order</outputObjectName>
        <requiredForUpsert>false</requiredForUpsert>
        <upsertKey>false</upsertKey>
    </omniDataTransformItem>
    <omniDataTransformItem>
        <disabled>false</disabled>
        <filterGroup>0.0</filterGroup>
        <globalKey>DRLOCreateDraftOrderCustom0jI8Y000000005LUAQItem10</globalKey>
        <inputFieldName>estimatedProducts:ProductsInCart:summaryproducts:ep:Qty</inputFieldName>
        <inputObjectQuerySequence>0.0</inputObjectQuerySequence>
        <linkedObjectSequence>0.0</linkedObjectSequence>
        <name>DRLOCreateDraftOrder</name>
        <outputCreationSequence>2.0</outputCreationSequence>
        <outputFieldName>Quantity</outputFieldName>
        <outputObjectName>OrderItem</outputObjectName>
        <requiredForUpsert>false</requiredForUpsert>
        <upsertKey>false</upsertKey>
    </omniDataTransformItem>
    <omniDataTransformItem>
        <disabled>false</disabled>
        <filterGroup>0.0</filterGroup>
        <formulaConverted>| var:AccountsAndContacts:ContactDetails:selectedContact LIST</formulaConverted>
        <formulaExpression>LIST(%AccountsAndContacts:ContactDetails:selectedContact%)</formulaExpression>
        <formulaResultPath>AuthorizedBy</formulaResultPath>
        <formulaSequence>2.0</formulaSequence>
        <globalKey>DRLOCreateDraftOrderCustom9192</globalKey>
        <inputObjectQuerySequence>0.0</inputObjectQuerySequence>
        <linkedObjectSequence>0.0</linkedObjectSequence>
        <name>DRLOCreateDraftOrder</name>
        <outputCreationSequence>0.0</outputCreationSequence>
        <outputFieldName>Formula</outputFieldName>
        <outputObjectName>Formula</outputObjectName>
        <requiredForUpsert>false</requiredForUpsert>
        <upsertKey>false</upsertKey>
    </omniDataTransformItem>
    <omniDataTransformItem>
        <disabled>false</disabled>
        <filterGroup>0.0</filterGroup>
        <globalKey>DRLOCreateDraftOrderCustom0jI8Y000000005LUAQItem11</globalKey>
        <inputFieldName>estimatedProducts:ProductsInCart:summaryproducts:ep:PriceBookEntryId</inputFieldName>
        <inputObjectQuerySequence>0.0</inputObjectQuerySequence>
        <linkedObjectSequence>0.0</linkedObjectSequence>
        <name>DRLOCreateDraftOrder</name>
        <outputCreationSequence>2.0</outputCreationSequence>
        <outputFieldFormat>String</outputFieldFormat>
        <outputFieldName>PricebookEntryId</outputFieldName>
        <outputObjectName>OrderItem</outputObjectName>
        <requiredForUpsert>false</requiredForUpsert>
        <upsertKey>false</upsertKey>
    </omniDataTransformItem>
    <omniDataTransformItem>
        <disabled>false</disabled>
        <filterGroup>0.0</filterGroup>
        <globalKey>DRLOCreateDraftOrderCustom0jI8Y000000005LUAQItem12</globalKey>
        <inputFieldName>estimatedProducts:ProductsInCart:summaryproducts:ep:PbeUnitPrice</inputFieldName>
        <inputObjectQuerySequence>0.0</inputObjectQuerySequence>
        <linkedObjectSequence>0.0</linkedObjectSequence>
        <name>DRLOCreateDraftOrder</name>
        <outputCreationSequence>2.0</outputCreationSequence>
        <outputFieldName>ListPrice</outputFieldName>
        <outputObjectName>OrderItem</outputObjectName>
        <requiredForUpsert>false</requiredForUpsert>
        <upsertKey>false</upsertKey>
    </omniDataTransformItem>
    <omniDataTransformItem>
        <disabled>true</disabled>
        <filterGroup>0.0</filterGroup>
        <globalKey>DRLOCreateDraftOrderCustom0jI8Y000000005LUAQItem13</globalKey>
        <inputFieldName>selectedproductsList:Product2Id</inputFieldName>
        <inputObjectQuerySequence>0.0</inputObjectQuerySequence>
        <linkedObjectSequence>0.0</linkedObjectSequence>
        <name>DRLOCreateDraftOrder</name>
        <outputCreationSequence>2.0</outputCreationSequence>
        <outputFieldName>Product2Id</outputFieldName>
        <outputObjectName>OrderItem</outputObjectName>
        <requiredForUpsert>false</requiredForUpsert>
        <upsertKey>false</upsertKey>
    </omniDataTransformItem>
    <omniDataTransformItem>
        <disabled>true</disabled>
        <filterGroup>0.0</filterGroup>
        <filterOperator>=</filterOperator>
        <globalKey>DRLOCreateDraftOrderCustom0jI8Y000000005LUAQItem14</globalKey>
        <inputObjectQuerySequence>0.0</inputObjectQuerySequence>
        <linkedObjectSequence>0.0</linkedObjectSequence>
        <migrationValue>FAKEMAPPING</migrationValue>
        <name>DRLOCreateDraftOrder</name>
        <outputCreationSequence>2.0</outputCreationSequence>
        <outputFieldName>Id</outputFieldName>
        <outputObjectName>OrderItem</outputObjectName>
        <requiredForUpsert>false</requiredForUpsert>
        <upsertKey>false</upsertKey>
    </omniDataTransformItem>
    <omniDataTransformItem>
        <disabled>false</disabled>
        <filterGroup>0.0</filterGroup>
        <filterOperator>=</filterOperator>
        <globalKey>DRLOCreateDraftOrderCustom0jI8Y000000005LUAQItem15</globalKey>
        <inputObjectQuerySequence>0.0</inputObjectQuerySequence>
        <linkedFieldName>Id</linkedFieldName>
        <linkedObjectSequence>1.0</linkedObjectSequence>
        <migrationValue>FAKEMAPPING</migrationValue>
        <name>DRLOCreateDraftOrder</name>
        <outputCreationSequence>2.0</outputCreationSequence>
        <outputFieldName>OrderId</outputFieldName>
        <outputObjectName>OrderItem</outputObjectName>
        <requiredForUpsert>false</requiredForUpsert>
        <upsertKey>false</upsertKey>
    </omniDataTransformItem>
    <outputType>SObject</outputType>
    <previewJsonData>{
  &quot;setAccountDetails&quot; : {
    &quot;TAAccountName&quot; : &quot;Acme&quot;,
    &quot;BillingCountry&quot; : &quot;Bill USA&quot;,
    &quot;BillingState&quot; : &quot;Bill MH&quot;,
    &quot;BillingCity&quot; : &quot;Bill New York&quot;,
    &quot;Website&quot; : &quot;www.google.com&quot;,
    &quot;AccountPhone&quot; : &quot;(212) 555-5555&quot;,
    &quot;Name&quot; : &quot;Acme&quot;,
    &quot;AccountIdSF&quot; : &quot;001B000001LxacQIAR&quot;,
    &quot;BillingStreet&quot; : &quot;Bill Street A&quot;,
    &quot;BillingPostalCode&quot; : &quot;Bill 31349&quot;
  },
  &quot;Product&quot; : {
    &quot;PbeProduct&quot; : [ {
      &quot;Qty&quot; : &quot;1&quot;,
      &quot;addToEstimate&quot; : false,
      &quot;PriceBookEntryId&quot; : &quot;01uB0000002hdRzIAI&quot;,
      &quot;PbeName&quot; : &quot;Compactator&quot;,
      &quot;Product2Id&quot; : &quot;01tB000000268T0IAI&quot;,
      &quot;PbeUnitPrice&quot; : 100,
      &quot;PbeIsActive&quot; : true,
      &quot;ProductCode&quot; : &quot;12367C6&quot;,
      &quot;QuantityUnitOfMeasure&quot; : &quot;Each&quot;,
      &quot;ProductUrl&quot; : &quot;https://mfg-ido.s3.us-east-2.amazonaws.com/Images/Badger+Product+Images/Compactor+20000+1.jpg&quot;,
      &quot;PId&quot; : &quot;01tB000000268T0IAI&quot;
    }, {
      &quot;Qty&quot; : &quot;1&quot;,
      &quot;addToEstimate&quot; : false,
      &quot;PriceBookEntryId&quot; : &quot;01uB0000002hdSZIAY&quot;,
      &quot;PbeName&quot; : &quot;Main Case Seal&quot;,
      &quot;Product2Id&quot; : &quot;01tB000000268T4IAI&quot;,
      &quot;PbeUnitPrice&quot; : 345,
      &quot;PbeIsActive&quot; : true,
      &quot;ProductCode&quot; : &quot;MC&quot;,
      &quot;ProductUrl&quot; : &quot;https://media.istockphoto.com/photos/rubber-sealing-picture-id462313057?k=20&amp;m=462313057&amp;s=612x612&amp;w=0&amp;h=xjKxHIFkyOkD78OmjtJVC10dY2vWmUNIJu4-AeImEnI=&quot;,
      &quot;PId&quot; : &quot;01tB000000268T4IAI&quot;
    }, {
      &quot;Qty&quot; : &quot;1&quot;,
      &quot;addToEstimate&quot; : false,
      &quot;PriceBookEntryId&quot; : &quot;01uB0000002hdSKIAY&quot;,
      &quot;PbeName&quot; : &quot;SLA_Finance&quot;,
      &quot;Product2Id&quot; : &quot;01tB000000268T5IAI&quot;,
      &quot;PbeUnitPrice&quot; : 1200,
      &quot;PbeIsActive&quot; : true,
      &quot;ProductCode&quot; : &quot;SL&quot;,
      &quot;ProductUrl&quot; : &quot;https://sfdc-ckz-b2b.s3.amazonaws.com/MFG/BadgerEquipment/General+Bucket.png&quot;,
      &quot;PId&quot; : &quot;01tB000000268T5IAI&quot;
    } ],
    &quot;listisblank&quot; : false
  },
  &quot;summaryproducts&quot; : {
    &quot;ep&quot; : [ {
      &quot;PbeName&quot; : &quot;Compactator&quot;,
      &quot;ProductUrl&quot; : &quot;https://mfg-ido.s3.us-east-2.amazonaws.com/Images/Badger+Product+Images/Compactor+20000+1.jpg&quot;,
      &quot;PriceBookEntryId&quot; : &quot;01uB0000002hdRzIAI&quot;,
      &quot;Subtotal&quot; : 100,
      &quot;Qty&quot; : &quot;1&quot;,
      &quot;PbeUnitPrice&quot; : 100,
      &quot;Product2Id&quot; : &quot;01tB000000268T0IAI&quot;
    } ]
  },
  &quot;orderId&quot; : &quot;801B0000001TzwMIAS&quot;,
  &quot;DocumentTemplate&quot; : {
    &quot;TokenMappingType&quot; : &quot;JSON&quot;,
    &quot;VersionNumber&quot; : 1,
    &quot;TemplateType&quot; : &quot;MicrosoftWord&quot;,
    &quot;Name&quot; : &quot;OrderDetails&quot;,
    &quot;Id&quot; : &quot;2dtB00000008Q1BIAU&quot;
  },
  &quot;documentTitle&quot; : &quot;Order Details&quot;,
  &quot;&quot; : &quot;&quot;,
  &quot;timeStamp&quot; : &quot;2022-03-22T08:18:34.693Z&quot;,
  &quot;userProfile&quot; : &quot;System Administrator&quot;,
  &quot;userTimeZoneName&quot; : &quot;America/Los_Angeles&quot;,
  &quot;userTimeZone&quot; : &quot;-420&quot;,
  &quot;userCurrencyCode&quot; : &quot;USD&quot;,
  &quot;userName&quot; : &quot;rebate-admin-72@gs0.org&quot;,
  &quot;userId&quot; : &quot;005B0000007L6rwIAC&quot;,
  &quot;GenerateDocument&quot; : { },
  &quot;Error&quot; : null,
  &quot;AccountInfo&quot; : {
    &quot;TAAccountName-Block&quot; : {
      &quot;TAAccountName&quot; : &quot;Acme&quot;,
      &quot;BillingCountry&quot; : &quot;Bill USA&quot;,
      &quot;BillingState&quot; : &quot;Bill MH&quot;,
      &quot;BillingCity&quot; : &quot;Bill New York&quot;,
      &quot;Website&quot; : &quot;www.google.com&quot;,
      &quot;AccountPhone&quot; : &quot;(212) 555-5555&quot;,
      &quot;Name&quot; : &quot;Acme&quot;,
      &quot;AccountIdSF&quot; : &quot;001B000001LxacQIAR&quot;,
      &quot;BillingStreet&quot; : &quot;Bill Street A&quot;,
      &quot;BillingPostalCode&quot; : &quot;Bill 31349&quot;
    }
  },
  &quot;vlcTimeTracking&quot; : {
    &quot;OmniScriptSessionToken&quot; : &quot;f0c04445-1978-4343-8504-6e343e956676&quot;,
    &quot;AccountInfo&quot; : 3440,
    &quot;SelectedAccount&quot; : 0,
    &quot;DRFetchContactDetails&quot; : 1709,
    &quot;SetValues3&quot; : 0,
    &quot;AccountsAndContacts&quot; : 4387,
    &quot;PriceBookEntry&quot; : 10660,
    &quot;IPMergeProducts&quot; : 721,
    &quot;estimatedProducts&quot; : 1344,
    &quot;DRCreateDraftOrder&quot; : 1172,
    &quot;DataRaptorExtractOrder&quot; : 397,
    &quot;GetDocumentTemplates&quot; : 470,
    &quot;SetValues&quot; : 0,
    &quot;Set Generation Options&quot; : 0
  },
  &quot;selectedAccountId&quot; : &quot;001B000001LxacQIAR&quot;,
  &quot;Contacts&quot; : [ {
    &quot;Email&quot; : &quot;paresh.koshti@pwc.com&quot;,
    &quot;Phone&quot; : &quot;(212) 555-5555&quot;,
    &quot;ContactId&quot; : &quot;003B000000IP2hnIAD&quot;,
    &quot;FirstName&quot; : &quot;Edward&quot;,
    &quot;LastName&quot; : &quot;Stamos&quot;,
    &quot;AccountIdofContact&quot; : &quot;001B000001LxacQIAR&quot;
  }, {
    &quot;Email&quot; : &quot;pgoriparthy@salesforce.com&quot;,
    &quot;Phone&quot; : &quot;(212) 555-5555&quot;,
    &quot;ContactId&quot; : &quot;003B000000IP2hoIAD&quot;,
    &quot;FirstName&quot; : &quot;Howard&quot;,
    &quot;LastName&quot; : &quot;Jones&quot;,
    &quot;AccountIdofContact&quot; : &quot;001B000001LxacQIAR&quot;
  }, {
    &quot;Email&quot; : &quot;pkoshti@salesforce.com&quot;,
    &quot;Phone&quot; : &quot;(212) 555-5555&quot;,
    &quot;ContactId&quot; : &quot;003B000000IP2hpIAD&quot;,
    &quot;FirstName&quot; : &quot;Leanne&quot;,
    &quot;LastName&quot; : &quot;Tomlin&quot;,
    &quot;AccountIdofContact&quot; : &quot;001B000001LxacQIAR&quot;
  }, {
    &quot;Email&quot; : &quot;info@salesforce.com&quot;,
    &quot;Phone&quot; : &quot;(415) 901-7000&quot;,
    &quot;ContactId&quot; : &quot;003B000000IP2hqIAD&quot;,
    &quot;FirstName&quot; : &quot;Marc&quot;,
    &quot;LastName&quot; : &quot;Benioff&quot;,
    &quot;AccountIdofContact&quot; : &quot;001B000001LxacQIAR&quot;
  }, {
    &quot;Email&quot; : &quot;asda@gmail.com&quot;,
    &quot;Phone&quot; : &quot;34324&quot;,
    &quot;ContactId&quot; : &quot;003B000000KqNowIAF&quot;,
    &quot;FirstName&quot; : &quot;asd&quot;,
    &quot;LastName&quot; : &quot;asd&quot;,
    &quot;AccountIdofContact&quot; : &quot;001B000001LxacQIAR&quot;
  } ],
  &quot;AccountsAndContacts&quot; : {
    &quot;ContactDetails&quot; : [ {
      &quot;AccountIdofContact&quot; : &quot;001B000001LxacQIAR&quot;,
      &quot;selectedContact&quot; : false,
      &quot;Email&quot; : &quot;paresh.koshti@pwc.com&quot;,
      &quot;Phone&quot; : &quot;(212) 555-5555&quot;,
      &quot;ContactId&quot; : &quot;003B000000IP2hnIAD&quot;,
      &quot;FirstName&quot; : &quot;Edward&quot;,
      &quot;LastName&quot; : &quot;Stamos&quot;
    }, {
      &quot;selectedContact&quot; : true,
      &quot;AccountIdofContact&quot; : &quot;001B000001LxacQIAR&quot;,
      &quot;Email&quot; : &quot;pgoriparthy@salesforce.com&quot;,
      &quot;Phone&quot; : &quot;(212) 555-5555&quot;,
      &quot;ContactId&quot; : &quot;003B000000IP2hoIAD&quot;,
      &quot;FirstName&quot; : &quot;Howard&quot;,
      &quot;LastName&quot; : &quot;Jones&quot;
    }, {
      &quot;selectedContact&quot; : false,
      &quot;AccountIdofContact&quot; : &quot;001B000001LxacQIAR&quot;,
      &quot;Email&quot; : &quot;pkoshti@salesforce.com&quot;,
      &quot;Phone&quot; : &quot;(212) 555-5555&quot;,
      &quot;ContactId&quot; : &quot;003B000000IP2hpIAD&quot;,
      &quot;FirstName&quot; : &quot;Leanne&quot;,
      &quot;LastName&quot; : &quot;Tomlin&quot;
    }, {
      &quot;selectedContact&quot; : false,
      &quot;AccountIdofContact&quot; : &quot;001B000001LxacQIAR&quot;,
      &quot;Email&quot; : &quot;info@salesforce.com&quot;,
      &quot;Phone&quot; : &quot;(415) 901-7000&quot;,
      &quot;ContactId&quot; : &quot;003B000000IP2hqIAD&quot;,
      &quot;FirstName&quot; : &quot;Marc&quot;,
      &quot;LastName&quot; : &quot;Benioff&quot;
    }, {
      &quot;selectedContact&quot; : false,
      &quot;AccountIdofContact&quot; : &quot;001B000001LxacQIAR&quot;,
      &quot;Email&quot; : &quot;asda@gmail.com&quot;,
      &quot;Phone&quot; : &quot;34324&quot;,
      &quot;ContactId&quot; : &quot;003B000000KqNowIAF&quot;,
      &quot;FirstName&quot; : &quot;asd&quot;,
      &quot;LastName&quot; : &quot;asd&quot;
    } ]
  },
  &quot;PriceBookEntry&quot; : {
    &quot;CustomLWC6&quot; : {
      &quot;Products&quot; : {
        &quot;selectedprods&quot; : [ {
          &quot;Id&quot; : &quot;REC0&quot;,
          &quot;Qty&quot; : &quot;1&quot;,
          &quot;addToEstimate&quot; : true,
          &quot;PriceBookEntryId&quot; : &quot;01uB0000002hdRzIAI&quot;,
          &quot;PbeName&quot; : &quot;Compactator&quot;,
          &quot;Product2Id&quot; : &quot;01tB000000268T0IAI&quot;,
          &quot;PbeUnitPrice&quot; : 100,
          &quot;PbeIsActive&quot; : true,
          &quot;ProductCode&quot; : &quot;12367C6&quot;,
          &quot;QuantityUnitOfMeasure&quot; : &quot;Each&quot;,
          &quot;ProductUrl&quot; : &quot;https://mfg-ido.s3.us-east-2.amazonaws.com/Images/Badger+Product+Images/Compactor+20000+1.jpg&quot;,
          &quot;PId&quot; : &quot;01tB000000268T0IAI&quot;,
          &quot;uniqueKey&quot; : &quot;REC0&quot;,
          &quot;_flex&quot; : {
            &quot;uniqueKey&quot; : &quot;REC0&quot;,
            &quot;state0element0block_element3block_element0&quot; : true,
            &quot;state0element0block_element3block_element0_child&quot; : true,
            &quot;state0element0block_element3block_element1&quot; : true,
            &quot;state0element0block_element3block_element1_child&quot; : true,
            &quot;state0element0block_element4block_element0&quot; : true,
            &quot;state0element0block_element4block_element0_child&quot; : true,
            &quot;state0element0block_element4block_element1&quot; : true,
            &quot;state0element0block_element4block_element1_child&quot; : true
          }
        } ]
      }
    },
    &quot;PriceBook-Block&quot; : {
      &quot;PriceBookrecName&quot; : &quot;Manufacturing&quot;,
      &quot;PriceBookIdSF&quot; : &quot;01sB0000002idbWIAQ&quot;,
      &quot;PriceBook&quot; : &quot;Manufacturing&quot;
    },
    &quot;ProductName&quot; : &quot;c&quot;
  },
  &quot;estimatedproducts&quot; : null,
  &quot;estimatedProducts&quot; : {
    &quot;subtotalcal&quot; : 100,
    &quot;ProductsInCart&quot; : {
      &quot;summaryproducts&quot; : {
        &quot;ep&quot; : { }
      }
    }
  }
}</previewJsonData>
    <processSuperBulk>false</processSuperBulk>
    <responseCacheTtlMinutes>0.0</responseCacheTtlMinutes>
    <rollbackOnError>true</rollbackOnError>
    <sourceObject>json</sourceObject>
    <sourceObjectDefault>false</sourceObjectDefault>
    <synchronousProcessThreshold>0.0</synchronousProcessThreshold>
    <type>Load</type>
    <uniqueName>DRLOCreateDraftOrder_1</uniqueName>
    <versionNumber>1.0</versionNumber>
    <xmlDeclarationRemoved>false</xmlDeclarationRemoved>
</OmniDataTransform>
