<?xml version="1.0" encoding="UTF-8"?>
<OmniDataTransform xmlns="http://soap.sforce.com/2006/04/metadata">
    <active>false</active>
    <assignmentRulesUsed>false</assignmentRulesUsed>
    <deletedOnSuccess>false</deletedOnSuccess>
    <errorIgnored>false</errorIgnored>
    <expectedInputJson>{
  &quot;OrderItem&quot; : [ {
    &quot;Name&quot; : &quot;GenWatt Propane 1500kW&quot;,
    &quot;Quantity&quot; : 23,
    &quot;TotalPrice&quot; : 2760000,
    &quot;UnitPrice&quot; : 120000
  }, {
    &quot;Name&quot; : &quot;SLA: Gold&quot;,
    &quot;Quantity&quot; : 34,
    &quot;TotalPrice&quot; : 1020000,
    &quot;UnitPrice&quot; : 30000
  }, {
    &quot;Name&quot; : &quot;Installation: Industrial - High&quot;,
    &quot;Quantity&quot; : 1,
    &quot;TotalPrice&quot; : 85000,
    &quot;UnitPrice&quot; : 85000
  } ],
  &quot;AccountDetails&quot; : {
    &quot;Name&quot; : &quot;Acme&quot;,
    &quot;AccountNumber&quot; : &quot;3263827&quot;,
    &quot;Id&quot; : &quot;0015j00000WFsnlAAD&quot;
  },
  &quot;OrderDetails&quot; : {
    &quot;TotalAmount&quot; : 3865000,
    &quot;OrderNumber&quot; : &quot;00000100&quot;,
    &quot;AccountId&quot; : &quot;0015j00000WFsnlAAD&quot;
  }
}</expectedInputJson>
    <fieldLevelSecurityEnabled>false</fieldLevelSecurityEnabled>
    <inputType>JSON</inputType>
    <name>DRMPOrderDetails</name>
    <nullInputsIncludedInOutput>false</nullInputsIncludedInOutput>
    <omniDataTransformItem>
        <disabled>false</disabled>
        <filterGroup>0.0</filterGroup>
        <globalKey>DRMPOrderDetailsCustom3739</globalKey>
        <inputFieldName>AccountDetails:ShippingPostalCode</inputFieldName>
        <inputObjectQuerySequence>0.0</inputObjectQuerySequence>
        <linkedObjectSequence>0.0</linkedObjectSequence>
        <name>DRMPOrderDetails</name>
        <outputCreationSequence>1.0</outputCreationSequence>
        <outputFieldName>AccountShipPostCode</outputFieldName>
        <outputObjectName>json</outputObjectName>
        <requiredForUpsert>false</requiredForUpsert>
        <upsertKey>false</upsertKey>
    </omniDataTransformItem>
    <omniDataTransformItem>
        <disabled>false</disabled>
        <filterGroup>0.0</filterGroup>
        <globalKey>DRMPOrderDetailsCustom8929</globalKey>
        <inputFieldName>AccountDetails:BillingState</inputFieldName>
        <inputObjectQuerySequence>0.0</inputObjectQuerySequence>
        <linkedObjectSequence>0.0</linkedObjectSequence>
        <name>DRMPOrderDetails</name>
        <outputCreationSequence>1.0</outputCreationSequence>
        <outputFieldName>AccountBillState</outputFieldName>
        <outputObjectName>json</outputObjectName>
        <requiredForUpsert>false</requiredForUpsert>
        <upsertKey>false</upsertKey>
    </omniDataTransformItem>
    <omniDataTransformItem>
        <disabled>false</disabled>
        <filterGroup>0.0</filterGroup>
        <globalKey>DRMPOrderDetailsCustom11</globalKey>
        <inputFieldName>AccountDetails:ShippingStreet</inputFieldName>
        <inputObjectQuerySequence>0.0</inputObjectQuerySequence>
        <linkedObjectSequence>0.0</linkedObjectSequence>
        <name>DRMPOrderDetails</name>
        <outputCreationSequence>1.0</outputCreationSequence>
        <outputFieldName>AccountShipStreet</outputFieldName>
        <outputObjectName>json</outputObjectName>
        <requiredForUpsert>false</requiredForUpsert>
        <upsertKey>false</upsertKey>
    </omniDataTransformItem>
    <omniDataTransformItem>
        <disabled>false</disabled>
        <filterGroup>0.0</filterGroup>
        <globalKey>DRMPOrderDetailsCustom7867</globalKey>
        <inputFieldName>ContactDetails:Email</inputFieldName>
        <inputObjectQuerySequence>0.0</inputObjectQuerySequence>
        <linkedObjectSequence>0.0</linkedObjectSequence>
        <name>DRMPOrderDetails</name>
        <outputCreationSequence>1.0</outputCreationSequence>
        <outputFieldName>ContactEmail</outputFieldName>
        <outputObjectName>json</outputObjectName>
        <requiredForUpsert>false</requiredForUpsert>
        <upsertKey>false</upsertKey>
    </omniDataTransformItem>
    <omniDataTransformItem>
        <disabled>false</disabled>
        <filterGroup>0.0</filterGroup>
        <globalKey>DRMPOrderDetailsCustom6552</globalKey>
        <inputFieldName>AccountDetails:BillingStreet</inputFieldName>
        <inputObjectQuerySequence>0.0</inputObjectQuerySequence>
        <linkedObjectSequence>0.0</linkedObjectSequence>
        <name>DRMPOrderDetails</name>
        <outputCreationSequence>1.0</outputCreationSequence>
        <outputFieldName>AccountBillStreet</outputFieldName>
        <outputObjectName>json</outputObjectName>
        <requiredForUpsert>false</requiredForUpsert>
        <upsertKey>false</upsertKey>
    </omniDataTransformItem>
    <omniDataTransformItem>
        <disabled>false</disabled>
        <filterGroup>0.0</filterGroup>
        <globalKey>d47d068d-a190-4d6d-baf6-9ffe636c8556</globalKey>
        <inputFieldName>OrderDetails:OrderNumber</inputFieldName>
        <inputObjectQuerySequence>0.0</inputObjectQuerySequence>
        <linkedObjectSequence>0.0</linkedObjectSequence>
        <name>DRMPOrderDetails</name>
        <outputCreationSequence>1.0</outputCreationSequence>
        <outputFieldName>orderNumber</outputFieldName>
        <outputObjectName>json</outputObjectName>
        <requiredForUpsert>false</requiredForUpsert>
        <upsertKey>false</upsertKey>
    </omniDataTransformItem>
    <omniDataTransformItem>
        <disabled>false</disabled>
        <filterGroup>0.0</filterGroup>
        <globalKey>9db7142f-ac56-4a01-9afd-587793de3a99</globalKey>
        <inputFieldName>OrderItem:Name</inputFieldName>
        <inputObjectQuerySequence>0.0</inputObjectQuerySequence>
        <linkedObjectSequence>0.0</linkedObjectSequence>
        <name>DRMPOrderDetails</name>
        <outputCreationSequence>1.0</outputCreationSequence>
        <outputFieldName>Products:name</outputFieldName>
        <outputObjectName>json</outputObjectName>
        <requiredForUpsert>false</requiredForUpsert>
        <upsertKey>false</upsertKey>
    </omniDataTransformItem>
    <omniDataTransformItem>
        <disabled>false</disabled>
        <filterGroup>0.0</filterGroup>
        <globalKey>929ad2a8-990b-466a-9062-4833f27d9789</globalKey>
        <inputFieldName>OrderItem:Quantity</inputFieldName>
        <inputObjectQuerySequence>0.0</inputObjectQuerySequence>
        <linkedObjectSequence>0.0</linkedObjectSequence>
        <name>DRMPOrderDetails</name>
        <outputCreationSequence>1.0</outputCreationSequence>
        <outputFieldName>Products:qty</outputFieldName>
        <outputObjectName>json</outputObjectName>
        <requiredForUpsert>false</requiredForUpsert>
        <upsertKey>false</upsertKey>
    </omniDataTransformItem>
    <omniDataTransformItem>
        <disabled>false</disabled>
        <filterGroup>0.0</filterGroup>
        <globalKey>b022069c-b9d0-4b96-a494-13e41db47b92</globalKey>
        <inputFieldName>OrderItem:TotalPrice</inputFieldName>
        <inputObjectQuerySequence>0.0</inputObjectQuerySequence>
        <linkedObjectSequence>0.0</linkedObjectSequence>
        <name>DRMPOrderDetails</name>
        <outputCreationSequence>1.0</outputCreationSequence>
        <outputFieldName>Products:Amount</outputFieldName>
        <outputObjectName>json</outputObjectName>
        <requiredForUpsert>false</requiredForUpsert>
        <upsertKey>false</upsertKey>
    </omniDataTransformItem>
    <omniDataTransformItem>
        <disabled>false</disabled>
        <filterGroup>0.0</filterGroup>
        <globalKey>d0202d82-4275-4d57-ab77-38ed3669c5e4</globalKey>
        <inputFieldName>OrderItem:UnitPrice</inputFieldName>
        <inputObjectQuerySequence>0.0</inputObjectQuerySequence>
        <linkedObjectSequence>0.0</linkedObjectSequence>
        <name>DRMPOrderDetails</name>
        <outputCreationSequence>1.0</outputCreationSequence>
        <outputFieldName>Products:unitPrice</outputFieldName>
        <outputObjectName>json</outputObjectName>
        <requiredForUpsert>false</requiredForUpsert>
        <upsertKey>false</upsertKey>
    </omniDataTransformItem>
    <omniDataTransformItem>
        <disabled>false</disabled>
        <filterGroup>0.0</filterGroup>
        <globalKey>8d8b2d64-db63-4796-92d2-d22866d58186</globalKey>
        <inputFieldName>OrderDetails:TotalAmount</inputFieldName>
        <inputObjectQuerySequence>0.0</inputObjectQuerySequence>
        <linkedObjectSequence>0.0</linkedObjectSequence>
        <name>DRMPOrderDetails</name>
        <outputCreationSequence>1.0</outputCreationSequence>
        <outputFieldName>totalAmount</outputFieldName>
        <outputObjectName>json</outputObjectName>
        <requiredForUpsert>false</requiredForUpsert>
        <upsertKey>false</upsertKey>
    </omniDataTransformItem>
    <omniDataTransformItem>
        <disabled>false</disabled>
        <filterGroup>0.0</filterGroup>
        <globalKey>DRMPOrderDetailsCustom7289</globalKey>
        <inputFieldName>AccountDetails:ShippingState</inputFieldName>
        <inputObjectQuerySequence>0.0</inputObjectQuerySequence>
        <linkedObjectSequence>0.0</linkedObjectSequence>
        <name>DRMPOrderDetails</name>
        <outputCreationSequence>1.0</outputCreationSequence>
        <outputFieldName>AccountShipState</outputFieldName>
        <outputObjectName>json</outputObjectName>
        <requiredForUpsert>false</requiredForUpsert>
        <upsertKey>false</upsertKey>
    </omniDataTransformItem>
    <omniDataTransformItem>
        <disabled>false</disabled>
        <filterGroup>0.0</filterGroup>
        <globalKey>DRMPOrderDetailsCustom8017</globalKey>
        <inputFieldName>AccountDetails:BillingPostalCode</inputFieldName>
        <inputObjectQuerySequence>0.0</inputObjectQuerySequence>
        <linkedObjectSequence>0.0</linkedObjectSequence>
        <name>DRMPOrderDetails</name>
        <outputCreationSequence>1.0</outputCreationSequence>
        <outputFieldName>AccountBillPostalCode</outputFieldName>
        <outputObjectName>json</outputObjectName>
        <requiredForUpsert>false</requiredForUpsert>
        <upsertKey>false</upsertKey>
    </omniDataTransformItem>
    <omniDataTransformItem>
        <disabled>false</disabled>
        <filterGroup>0.0</filterGroup>
        <globalKey>DRMPOrderDetailsCustom6817</globalKey>
        <inputFieldName>ContactDetails:Name</inputFieldName>
        <inputObjectQuerySequence>0.0</inputObjectQuerySequence>
        <linkedObjectSequence>0.0</linkedObjectSequence>
        <name>DRMPOrderDetails</name>
        <outputCreationSequence>1.0</outputCreationSequence>
        <outputFieldName>ContactName</outputFieldName>
        <outputObjectName>json</outputObjectName>
        <requiredForUpsert>false</requiredForUpsert>
        <upsertKey>false</upsertKey>
    </omniDataTransformItem>
    <omniDataTransformItem>
        <disabled>false</disabled>
        <filterGroup>0.0</filterGroup>
        <globalKey>DRMPOrderDetailsCustom4214</globalKey>
        <inputFieldName>ContactDetails:Phone</inputFieldName>
        <inputObjectQuerySequence>0.0</inputObjectQuerySequence>
        <linkedObjectSequence>0.0</linkedObjectSequence>
        <name>DRMPOrderDetails</name>
        <outputCreationSequence>1.0</outputCreationSequence>
        <outputFieldName>ContactPhone</outputFieldName>
        <outputObjectName>json</outputObjectName>
        <requiredForUpsert>false</requiredForUpsert>
        <upsertKey>false</upsertKey>
    </omniDataTransformItem>
    <omniDataTransformItem>
        <disabled>false</disabled>
        <filterGroup>0.0</filterGroup>
        <globalKey>DRMPOrderDetailsCustom7194</globalKey>
        <inputFieldName>ContactDetails:Fax</inputFieldName>
        <inputObjectQuerySequence>0.0</inputObjectQuerySequence>
        <linkedObjectSequence>0.0</linkedObjectSequence>
        <name>DRMPOrderDetails</name>
        <outputCreationSequence>1.0</outputCreationSequence>
        <outputFieldName>ContactFax</outputFieldName>
        <outputObjectName>json</outputObjectName>
        <requiredForUpsert>false</requiredForUpsert>
        <upsertKey>false</upsertKey>
    </omniDataTransformItem>
    <omniDataTransformItem>
        <disabled>false</disabled>
        <filterGroup>0.0</filterGroup>
        <globalKey>DRMPOrderDetailsCustom8357</globalKey>
        <inputFieldName>AccountDetails:BillingCity</inputFieldName>
        <inputObjectQuerySequence>0.0</inputObjectQuerySequence>
        <linkedObjectSequence>0.0</linkedObjectSequence>
        <name>DRMPOrderDetails</name>
        <outputCreationSequence>1.0</outputCreationSequence>
        <outputFieldName>AccountBillCity</outputFieldName>
        <outputObjectName>json</outputObjectName>
        <requiredForUpsert>false</requiredForUpsert>
        <upsertKey>false</upsertKey>
    </omniDataTransformItem>
    <omniDataTransformItem>
        <disabled>false</disabled>
        <filterGroup>0.0</filterGroup>
        <globalKey>DRMPOrderDetailsCustom4680</globalKey>
        <inputFieldName>OrderDetails:CreatedBy</inputFieldName>
        <inputObjectQuerySequence>0.0</inputObjectQuerySequence>
        <linkedObjectSequence>0.0</linkedObjectSequence>
        <name>DRMPOrderDetails</name>
        <outputCreationSequence>1.0</outputCreationSequence>
        <outputFieldName>OrderCreatedBy</outputFieldName>
        <outputObjectName>json</outputObjectName>
        <requiredForUpsert>false</requiredForUpsert>
        <upsertKey>false</upsertKey>
    </omniDataTransformItem>
    <omniDataTransformItem>
        <disabled>false</disabled>
        <filterGroup>0.0</filterGroup>
        <globalKey>419105b7-c39a-4138-89c3-c97a126fdc1c</globalKey>
        <inputFieldName>AccountDetails:AccountNumber</inputFieldName>
        <inputObjectQuerySequence>0.0</inputObjectQuerySequence>
        <linkedObjectSequence>0.0</linkedObjectSequence>
        <name>DRMPOrderDetails</name>
        <outputCreationSequence>1.0</outputCreationSequence>
        <outputFieldName>accountNumber</outputFieldName>
        <outputObjectName>json</outputObjectName>
        <requiredForUpsert>false</requiredForUpsert>
        <upsertKey>false</upsertKey>
    </omniDataTransformItem>
    <omniDataTransformItem>
        <disabled>false</disabled>
        <filterGroup>0.0</filterGroup>
        <globalKey>d2cb3c73-9d84-4815-a861-81f31c39e709</globalKey>
        <inputFieldName>AccountDetails:Name</inputFieldName>
        <inputObjectQuerySequence>0.0</inputObjectQuerySequence>
        <linkedObjectSequence>0.0</linkedObjectSequence>
        <name>DRMPOrderDetails</name>
        <outputCreationSequence>1.0</outputCreationSequence>
        <outputFieldName>accountName</outputFieldName>
        <outputObjectName>json</outputObjectName>
        <requiredForUpsert>false</requiredForUpsert>
        <upsertKey>false</upsertKey>
    </omniDataTransformItem>
    <omniDataTransformItem>
        <disabled>false</disabled>
        <filterGroup>0.0</filterGroup>
        <globalKey>DRMPOrderDetailsCustom9536</globalKey>
        <inputFieldName>AccountDetails:BillingCountry</inputFieldName>
        <inputObjectQuerySequence>0.0</inputObjectQuerySequence>
        <linkedObjectSequence>0.0</linkedObjectSequence>
        <name>DRMPOrderDetails</name>
        <outputCreationSequence>1.0</outputCreationSequence>
        <outputFieldName>AccountBillCountry</outputFieldName>
        <outputObjectName>json</outputObjectName>
        <requiredForUpsert>false</requiredForUpsert>
        <upsertKey>false</upsertKey>
    </omniDataTransformItem>
    <omniDataTransformItem>
        <disabled>false</disabled>
        <filterGroup>0.0</filterGroup>
        <globalKey>DRMPOrderDetailsCustom8625</globalKey>
        <inputFieldName>AccountDetails:ShippingCountry</inputFieldName>
        <inputObjectQuerySequence>0.0</inputObjectQuerySequence>
        <linkedObjectSequence>0.0</linkedObjectSequence>
        <name>DRMPOrderDetails</name>
        <outputCreationSequence>1.0</outputCreationSequence>
        <outputFieldName>AccountShipCountry</outputFieldName>
        <outputObjectName>json</outputObjectName>
        <requiredForUpsert>false</requiredForUpsert>
        <upsertKey>false</upsertKey>
    </omniDataTransformItem>
    <omniDataTransformItem>
        <disabled>false</disabled>
        <filterGroup>0.0</filterGroup>
        <globalKey>DRMPOrderDetailsCustom6188</globalKey>
        <inputFieldName>AccountDetails:ShippingCity</inputFieldName>
        <inputObjectQuerySequence>0.0</inputObjectQuerySequence>
        <linkedObjectSequence>0.0</linkedObjectSequence>
        <name>DRMPOrderDetails</name>
        <outputCreationSequence>1.0</outputCreationSequence>
        <outputFieldName>AccountShipCity</outputFieldName>
        <outputObjectName>json</outputObjectName>
        <requiredForUpsert>false</requiredForUpsert>
        <upsertKey>false</upsertKey>
    </omniDataTransformItem>
    <outputType>JSON</outputType>
    <previewJsonData>{
  &quot;OrderItem&quot; : [ {
    &quot;Name&quot; : &quot;Compactator&quot;,
    &quot;Quantity&quot; : 1,
    &quot;TotalPrice&quot; : 100,
    &quot;UnitPrice&quot; : 100
  }, {
    &quot;Name&quot; : &quot;Main Case Seal&quot;,
    &quot;Quantity&quot; : 1,
    &quot;TotalPrice&quot; : 345,
    &quot;UnitPrice&quot; : 345
  } ],
  &quot;AccountDetails&quot; : {
    &quot;Name&quot; : &quot;Acme&quot;,
    &quot;Id&quot; : &quot;001B000001LxacQIAR&quot;
  },
  &quot;OrderDetails&quot; : {
    &quot;OrderNumber&quot; : &quot;00000167&quot;,
    &quot;AccountId&quot; : &quot;001B000001LxacQIAR&quot;,
    &quot;TotalAmount&quot; : 445
  }
}</previewJsonData>
    <processSuperBulk>false</processSuperBulk>
    <responseCacheTtlMinutes>0.0</responseCacheTtlMinutes>
    <rollbackOnError>false</rollbackOnError>
    <sourceObject>json</sourceObject>
    <sourceObjectDefault>false</sourceObjectDefault>
    <synchronousProcessThreshold>0.0</synchronousProcessThreshold>
    <targetOutputFileName>OrderDetails(Version 1)</targetOutputFileName>
    <type>Transform</type>
    <uniqueName>DRMPOrderDetails_1</uniqueName>
    <versionNumber>1.0</versionNumber>
    <xmlDeclarationRemoved>false</xmlDeclarationRemoved>
</OmniDataTransform>
